Component: ARM Compiler 5.05 update 1 (build 106) Tool: armlink [4d0efa]

==============================================================================

Section Cross References

    main.o(i.control) refers to key.o(i.KEY_Scan) for KEY_Scan
    main.o(i.control) refers to step_motor.o(i.Locate_Rle) for Locate_Rle
    main.o(i.control) refers to delay.o(i.delay_ms) for delay_ms
    main.o(i.control) refers to step_motor.o(i.back_zero) for back_zero
    main.o(i.control) refers to step_motor.o(i.step_motor_STOP) for step_motor_STOP
    main.o(i.control) refers to main.o(.data) for key
    main.o(i.main) refers to delay.o(i.delay_init) for delay_init
    main.o(i.main) refers to key.o(i.KEY_Init) for KEY_Init
    main.o(i.main) refers to step_motor.o(i.step_motor_init) for step_motor_init
    main.o(i.main) refers to usart1.o(i.uart1_init) for uart1_init
    main.o(i.main) refers to misc.o(i.NVIC_PriorityGroupConfig) for NVIC_PriorityGroupConfig
    main.o(i.main) refers to main.o(i.control) for control
    system_stm32f10x.o(i.SetSysClock) refers to system_stm32f10x.o(i.SetSysClockTo72) for SetSysClockTo72
    system_stm32f10x.o(i.SystemCoreClockUpdate) refers to system_stm32f10x.o(.data) for SystemCoreClock
    system_stm32f10x.o(i.SystemInit) refers to system_stm32f10x.o(i.SetSysClock) for SetSysClock
    startup_stm32f10x_hd.o(STACK) refers (Special) to heapauxi.o(.text) for __use_two_region_memory
    startup_stm32f10x_hd.o(HEAP) refers (Special) to heapauxi.o(.text) for __use_two_region_memory
    startup_stm32f10x_hd.o(RESET) refers (Special) to heapauxi.o(.text) for __use_two_region_memory
    startup_stm32f10x_hd.o(RESET) refers to startup_stm32f10x_hd.o(STACK) for __initial_sp
    startup_stm32f10x_hd.o(RESET) refers to startup_stm32f10x_hd.o(.text) for Reset_Handler
    startup_stm32f10x_hd.o(RESET) refers to stm32f10x_it.o(i.NMI_Handler) for NMI_Handler
    startup_stm32f10x_hd.o(RESET) refers to stm32f10x_it.o(i.HardFault_Handler) for HardFault_Handler
    startup_stm32f10x_hd.o(RESET) refers to stm32f10x_it.o(i.MemManage_Handler) for MemManage_Handler
    startup_stm32f10x_hd.o(RESET) refers to stm32f10x_it.o(i.BusFault_Handler) for BusFault_Handler
    startup_stm32f10x_hd.o(RESET) refers to stm32f10x_it.o(i.UsageFault_Handler) for UsageFault_Handler
    startup_stm32f10x_hd.o(RESET) refers to stm32f10x_it.o(i.SVC_Handler) for SVC_Handler
    startup_stm32f10x_hd.o(RESET) refers to stm32f10x_it.o(i.DebugMon_Handler) for DebugMon_Handler
    startup_stm32f10x_hd.o(RESET) refers to stm32f10x_it.o(i.PendSV_Handler) for PendSV_Handler
    startup_stm32f10x_hd.o(RESET) refers to stm32f10x_it.o(i.SysTick_Handler) for SysTick_Handler
    startup_stm32f10x_hd.o(RESET) refers to exti.o(i.EXTI1_IRQHandler) for EXTI1_IRQHandler
    startup_stm32f10x_hd.o(RESET) refers to shell.o(i.TIM4_IRQHandler) for TIM4_IRQHandler
    startup_stm32f10x_hd.o(RESET) refers to usart1.o(i.USART1_IRQHandler) for USART1_IRQHandler
    startup_stm32f10x_hd.o(RESET) refers to time.o(i.TIM5_IRQHandler) for TIM5_IRQHandler
    startup_stm32f10x_hd.o(RESET) refers to time.o(i.TIM6_IRQHandler) for TIM6_IRQHandler
    startup_stm32f10x_hd.o(RESET) refers to time.o(i.TIM7_IRQHandler) for TIM7_IRQHandler
    startup_stm32f10x_hd.o(.text) refers (Special) to heapauxi.o(.text) for __use_two_region_memory
    startup_stm32f10x_hd.o(.text) refers to system_stm32f10x.o(i.SystemInit) for SystemInit
    startup_stm32f10x_hd.o(.text) refers to __main.o(!!!main) for __main
    startup_stm32f10x_hd.o(.text) refers to startup_stm32f10x_hd.o(HEAP) for Heap_Mem
    startup_stm32f10x_hd.o(.text) refers to startup_stm32f10x_hd.o(STACK) for Stack_Mem
    stm32f10x_gpio.o(i.GPIO_AFIODeInit) refers to stm32f10x_rcc.o(i.RCC_APB2PeriphResetCmd) for RCC_APB2PeriphResetCmd
    stm32f10x_gpio.o(i.GPIO_DeInit) refers to stm32f10x_rcc.o(i.RCC_APB2PeriphResetCmd) for RCC_APB2PeriphResetCmd
    stm32f10x_rcc.o(i.RCC_GetClocksFreq) refers to stm32f10x_rcc.o(.data) for APBAHBPrescTable
    stm32f10x_rcc.o(i.RCC_WaitForHSEStartUp) refers to stm32f10x_rcc.o(i.RCC_GetFlagStatus) for RCC_GetFlagStatus
    stm32f10x_usart.o(i.USART_DeInit) refers to stm32f10x_rcc.o(i.RCC_APB2PeriphResetCmd) for RCC_APB2PeriphResetCmd
    stm32f10x_usart.o(i.USART_DeInit) refers to stm32f10x_rcc.o(i.RCC_APB1PeriphResetCmd) for RCC_APB1PeriphResetCmd
    stm32f10x_usart.o(i.USART_Init) refers to stm32f10x_rcc.o(i.RCC_GetClocksFreq) for RCC_GetClocksFreq
    stm32f10x_tim.o(i.TIM_DeInit) refers to stm32f10x_rcc.o(i.RCC_APB2PeriphResetCmd) for RCC_APB2PeriphResetCmd
    stm32f10x_tim.o(i.TIM_DeInit) refers to stm32f10x_rcc.o(i.RCC_APB1PeriphResetCmd) for RCC_APB1PeriphResetCmd
    stm32f10x_tim.o(i.TIM_ETRClockMode1Config) refers to stm32f10x_tim.o(i.TIM_ETRConfig) for TIM_ETRConfig
    stm32f10x_tim.o(i.TIM_ETRClockMode2Config) refers to stm32f10x_tim.o(i.TIM_ETRConfig) for TIM_ETRConfig
    stm32f10x_tim.o(i.TIM_ICInit) refers to stm32f10x_tim.o(i.TI1_Config) for TI1_Config
[...]
    ../clib/printf.c                         0x00000000   Number         0  _printf_char_file.o ABSOLUTE
    ../clib/printf.c                         0x00000000   Number         0  _printf_char.o ABSOLUTE
    ../clib/printf.c                         0x00000000   Number         0  _printf_intcommon.o ABSOLUTE
    ../clib/printf.c                         0x00000000   Number         0  __printf_flags_ss_wp.o ABSOLUTE
    ../clib/printf.c                         0x00000000   Number         0  __printf_ss_wp.o ABSOLUTE
    ../clib/printf.c                         0x00000000   Number         0  __printf_wp.o ABSOLUTE
    ../clib/printf.c                         0x00000000   Number         0  __printf_flags_ss.o ABSOLUTE
    ../clib/printf.c                         0x00000000   Number         0  __printf_ss.o ABSOLUTE
    ../clib/printf.c                         0x00000000   Number         0  __2printf.o ABSOLUTE
    ../clib/printf.c                         0x00000000   Number         0  noretval__2printf.o ABSOLUTE
    ../clib/printf.c                         0x00000000   Number         0  __printf_flags.o ABSOLUTE
    ../clib/printf.c                         0x00000000   Number         0  __printf.o ABSOLUTE
    ../clib/printf.c                         0x00000000   Number         0  _printf_pad.o ABSOLUTE
    ../clib/printf.c                         0x00000000   Number         0  _printf_hex_int_ll_ptr.o ABSOLUTE
    ../clib/printf.c                         0x00000000   Number         0  _printf_str.o ABSOLUTE
    ../clib/printf.c                         0x00000000   Number         0  _printf_hex_ll_ptr.o ABSOLUTE
    ../clib/printf.c                         0x00000000   Number         0  _printf_dec.o ABSOLUTE
    ../clib/printf.c                         0x00000000   Number         0  _printf_hex_int_ptr.o ABSOLUTE
    ../clib/printf_percent.s                 0x00000000   Number         0  _printf_percent.o ABSOLUTE
    ../clib/printf_percent.s                 0x00000000   Number         0  _printf_x.o ABSOLUTE
    ../clib/printf_percent.s                 0x00000000   Number         0  _printf_d.o ABSOLUTE
    ../clib/printf_percent.s                 0x00000000   Number         0  _printf_c.o ABSOLUTE
    ../clib/printf_percent.s                 0x00000000   Number         0  _printf_s.o ABSOLUTE
    ../clib/printf_percent.s                 0x00000000   Number         0  _printf_percent_end.o ABSOLUTE
    ../clib/printf_percent.s                 0x00000000   Number         0  _printf_u.o ABSOLUTE
    ../clib/signal.c                         0x00000000   Number         0  __raise.o ABSOLUTE
    ../clib/signal.c                         0x00000000   Number         0  defsig_other.o ABSOLUTE
    ../clib/signal.c                         0x00000000   Number         0  defsig_segv_inner.o ABSOLUTE
    ../clib/signal.c                         0x00000000   Number         0  defsig_cppl_inner.o ABSOLUTE
    ../clib/signal.c                         0x00000000   Number         0  defsig_pvfn_inner.o ABSOLUTE
    ../clib/signal.c                         0x00000000   Number         0  defsig_stak_inner.o ABSOLUTE
    ../clib/signal.c                         0x00000000   Number         0  defsig_rtred_inner.o ABSOLUTE
    ../clib/signal.c                         0x00000000   Number         0  defsig_fpe_inner.o ABSOLUTE
    ../clib/signal.c                         0x00000000   Number         0  defsig_abrt_inner.o ABSOLUTE
    ../clib/signal.c                         0x00000000   Number         0  defsig_general.o ABSOLUTE
    ../clib/signal.c                         0x00000000   Number         0  defsig_rtmem_formal.o ABSOLUTE
    ../clib/signal.c                         0x00000000   Number         0  defsig_rtmem_inner.o ABSOLUTE
    ../clib/signal.c                         0x00000000   Number         0  defsig_exit.o ABSOLUTE
    ../clib/signal.c                         0x00000000   Number         0  defsig_rtmem_outer.o ABSOLUTE
    ../clib/signal.s                         0x00000000   Number         0  defsig.o ABSOLUTE
    ../clib/stdio.c                          0x00000000   Number         0  ferror_locked.o ABSOLUTE
    ../clib/stdio.c                          0x00000000   Number         0  ferror.o ABSOLUTE
    ../clib/stdlib.c                         0x00000000   Number         0  exit.o ABSOLUTE
    ../fplib/ddiv.s                          0x00000000   Number         0  ddiv.o ABSOLUTE
    ../fplib/dfixu.s                         0x00000000   Number         0  dfixu.o ABSOLUTE
    ../fplib/dflt.s                          0x00000000   Number         0  dflt_clz.o ABSOLUTE
    ../fplib/dmul.s                          0x00000000   Number         0  dmul.o ABSOLUTE
    ../fplib/dnaninf.s                       0x00000000   Number         0  dnaninf.o ABSOLUTE
    ../fplib/dretinf.s                       0x00000000   Number         0  dretinf.o ABSOLUTE
    ../fplib/faddsub.s                       0x00000000   Number         0  faddsub_clz.o ABSOLUTE
    ../fplib/fdiv.s                          0x00000000   Number         0  fdiv.o ABSOLUTE
    ../fplib/ffixu.s                         0x00000000   Number         0  ffixu.o ABSOLUTE
    ../fplib/fmul.s                          0x00000000   Number         0  fmul.o ABSOLUTE
    ../fplib/fnaninf.s                       0x00000000   Number         0  fnaninf.o ABSOLUTE
    ../fplib/fpinit.s                        0x00000000   Number         0  fpinit.o ABSOLUTE
    ../fplib/fretinf.s                       0x00000000   Number         0  fretinf.o ABSOLUTE
    ../fplib/usenofp.s                       0x00000000   Number         0  usenofp.o ABSOLUTE
    ..\CORE\core_cm3.c                       0x00000000   Number         0  core_cm3.o ABSOLUTE
    ..\CORE\startup_stm32f10x_hd.s           0x00000000   Number         0  startup_stm32f10x_hd.o ABSOLUTE
    ..\OLED\oled.c                           0x00000000   Number         0  oled.o ABSOLUTE
    ..\STM32F10x_FWLib\src\misc.c            0x00000000   Number         0  misc.o ABSOLUTE
    ..\STM32F10x_FWLib\src\stm32f10x_dma.c   0x00000000   Number         0  stm32f10x_dma.o ABSOLUTE
    ..\STM32F10x_FWLib\src\stm32f10x_exti.c  0x00000000   Number         0  stm32f10x_exti.o ABSOLUTE
    ..\STM32F10x_FWLib\src\stm32f10x_gpio.c  0x00000000   Number         0  stm32f10x_gpio.o ABSOLUTE
    ..\STM32F10x_FWLib\src\stm32f10x_rcc.c   0x00000000   Number         0  stm32f10x_rcc.o ABSOLUTE
    ..\STM32F10x_FWLib\src\stm32f10x_tim.c   0x00000000   Number         0  stm32f10x_tim.o ABSOLUTE
    ..\STM32F10x_FWLib\src\stm32f10x_usart.c 0x00000000   Number         0  stm32f10x_usart.o ABSOLUTE
    ..\SYSTEM\delay.c                        0x00000000   Number         0  delay.o ABSOLUTE
    ..\SYSTEM\sys.c                          0x00000000   Number         0  sys.o ABSOLUTE
    ..\SYSTEM\usart1.c                       0x00000000   Number         0  usart1.o ABSOLUTE
    ..\\CORE\\core_cm3.c                     0x00000000   Number         0  core_cm3.o ABSOLUTE
    ..\\SYSTEM\\sys.c                        0x00000000   Number         0  sys.o ABSOLUTE
    ..\exti\exti.c                           0x00000000   Number         0  exti.o ABSOLUTE
    ..\key\key.c                             0x00000000   Number         0  key.o ABSOLUTE
    ..\led\led.c                             0x00000000   Number         0  led.o ABSOLUTE
    ..\shell\shell.c                         0x00000000   Number         0  shell.o ABSOLUTE
    ..\shell\shell_config.c                  0x00000000   Number         0  shell_config.o ABSOLUTE
    ..\shell\shell_str.c                     0x00000000   Number         0  shell_str.o ABSOLUTE
    ..\step-motor\step_motor.c               0x00000000   Number         0  step_motor.o ABSOLUTE
    ..\time\time.c                           0x00000000   Number         0  time.o ABSOLUTE
    ..\ui\display.c                          0x00000000   Number         0  display.o ABSOLUTE
    dc.s                                     0x00000000   Number         0  dc.o ABSOLUTE
    main.c                                   0x00000000   Number         0  main.o ABSOLUTE
    stm32f10x_it.c                           0x00000000   Number         0  stm32f10x_it.o ABSOLUTE
    system_stm32f10x.c                       0x00000000   Number         0  system_stm32f10x.o ABSOLUTE
    RESET                                    0x08000000   Section      304  startup_stm32f10x_hd.o(RESET)
    !!!main                                  0x08000130   Section        8  __main.o(!!!main)
    !!!scatter                               0x08000138   Section       52  __scatter.o(!!!scatter)
    !!dczerorl2                              0x0800016c   Section       90  __dczerorl2.o(!!dczerorl2)
    !!handler_zi                             0x080001c8   Section       28  __scatter_zi.o(!!handler_zi)
    .ARM.Collect$$_printf_percent$$00000000  0x080001e4   Section        0  _printf_percent.o(.ARM.Collect$$_printf_percent$$00000000)
    .ARM.Collect$$_printf_percent$$00000009  0x080001e4   Section        6  _printf_d.o(.ARM.Collect$$_printf_percent$$00000009)
    .ARM.Collect$$_printf_percent$$0000000A  0x080001ea   Section        6  _printf_u.o(.ARM.Collect$$_printf_percent$$0000000A)
    .ARM.Collect$$_printf_percent$$0000000C  0x080001f0   Section        6  _printf_x.o(.ARM.Collect$$_printf_percent$$0000000C)
    .ARM.Collect$$_printf_percent$$00000013  0x080001f6   Section        6  _printf_c.o(.ARM.Collect$$_printf_percent$$00000013)
    .ARM.Collect$$_printf_percent$$00000014  0x080001fc   Section        6  _printf_s.o(.ARM.Collect$$_printf_percent$$00000014)
    .ARM.Collect$$_printf_percent$$00000017  0x08000202   Section        4  _printf_percent_end.o(.ARM.Collect$$_printf_percent$$00000017)
    .ARM.Collect$$libinit$$00000000          0x08000206   Section        2  libinit.o(.ARM.Collect$$libinit$$00000000)
    .ARM.Collect$$libinit$$00000002          0x08000208   Section        0  libinit2.o(.ARM.Collect$$libinit$$00000002)
    .ARM.Collect$$libinit$$00000004          0x08000208   Section        0  libinit2.o(.ARM.Collect$$libinit$$00000004)
    .ARM.Collect$$libinit$$0000000A          0x08000208   Section        0  libinit2.o(.ARM.Collect$$libinit$$0000000A)
    .ARM.Collect$$libinit$$0000000C          0x08000208   Section        0  libinit2.o(.ARM.Collect$$libinit$$0000000C)
    .ARM.Collect$$libinit$$0000000E          0x08000208   Section        0  libinit2.o(.ARM.Collect$$libinit$$0000000E)
    .ARM.Collect$$libinit$$00000011          0x08000208   Section        0  libinit2.o(.ARM.Collect$$libinit$$00000011)
    .ARM.Collect$$libinit$$00000013          0x08000208   Section        0  libinit2.o(.ARM.Collect$$libinit$$00000013)
    .ARM.Collect$$libinit$$00000015          0x08000208   Section        0  libinit2.o(.ARM.Collect$$libinit$$00000015)
    .ARM.Collect$$libinit$$00000017          0x08000208   Section        0  libinit2.o(.ARM.Collect$$libinit$$00000017)
    .ARM.Collect$$libinit$$00000019          0x08000208   Section        0  libinit2.o(.ARM.Collect$$libinit$$00000019)
    .ARM.Collect$$libinit$$0000001B          0x08000208   Section        0  libinit2.o(.ARM.Collect$$libinit$$0000001B)
    .ARM.Collect$$libinit$$0000001D          0x08000208   Section        0  libinit2.o(.ARM.Collect$$libinit$$0000001D)
    .ARM.Collect$$libinit$$0000001F          0x08000208   Section        0  libinit2.o(.ARM.Collect$$libinit$$0000001F)
    .ARM.Collect$$libinit$$00000021          0x08000208   Section        0  libinit2.o(.ARM.Collect$$libinit$$00000021)
    .ARM.Collect$$libinit$$00000023          0x08000208   Section        0  libinit2.o(.ARM.Collect$$libinit$$00000023)
    .ARM.Collect$$libinit$$00000025          0x08000208   Section        0  libinit2.o(.ARM.Collect$$libinit$$00000025)
    .ARM.Collect$$libinit$$0000002C          0x08000208   Section        0  libinit2.o(.ARM.Collect$$libinit$$0000002C)
    .ARM.Collect$$libinit$$0000002E          0x08000208   Section        0  libinit2.o(.ARM.Collect$$libinit$$0000002E)
    .ARM.Collect$$libinit$$00000030          0x08000208   Section        0  libinit2.o(.ARM.Collect$$libinit$$00000030)
    .ARM.Collect$$libinit$$00000032          0x08000208   Section        0  libinit2.o(.ARM.Collect$$libinit$$00000032)
    .ARM.Collect$$libinit$$00000033          0x08000208   Section        2  libinit2.o(.ARM.Collect$$libinit$$00000033)
    .ARM.Collect$$libshutdown$$00000000      0x0800020a   Section        2  libshutdown.o(.ARM.Collect$$libshutdown$$00000000)
    .ARM.Collect$$libshutdown$$00000003      0x0800020c   Section        0  libshutdown2.o(.ARM.Collect$$libshutdown$$00000003)
    .ARM.Collect$$libshutdown$$00000006      0x0800020c   Section        0  libshutdown2.o(.ARM.Collect$$libshutdown$$00000006)
    .ARM.Collect$$libshutdown$$00000009      0x0800020c   Section        0  libshutdown2.o(.ARM.Collect$$libshutdown$$00000009)
    .ARM.Collect$$libshutdown$$0000000B      0x0800020c   Section        0  libshutdown2.o(.ARM.Collect$$libshutdown$$0000000B)
    .ARM.Collect$$libshutdown$$0000000E      0x0800020c   Section        0  libshutdown2.o(.ARM.Collect$$libshutdown$$0000000E)
    .ARM.Collect$$libshutdown$$0000000F      0x0800020c   Section        2  libshutdown2.o(.ARM.Collect$$libshutdown$$0000000F)
    .ARM.Collect$$rtentry$$00000000          0x0800020e   Section        0  __rtentry.o(.ARM.Collect$$rtentry$$00000000)
    .ARM.Collect$$rtentry$$00000002          0x0800020e   Section        0  __rtentry2.o(.ARM.Collect$$rtentry$$00000002)
    .ARM.Collect$$rtentry$$00000004          0x0800020e   Section        6  __rtentry4.o(.ARM.Collect$$rtentry$$00000004)
    .ARM.Collect$$rtentry$$00000009          0x08000214   Section        0  __rtentry2.o(.ARM.Collect$$rtentry$$00000009)
    .ARM.Collect$$rtentry$$0000000A          0x08000214   Section        4  __rtentry2.o(.ARM.Collect$$rtentry$$0000000A)
    .ARM.Collect$$rtentry$$0000000C          0x08000218   Section        0  __rtentry2.o(.ARM.Collect$$rtentry$$0000000C)
    .ARM.Collect$$rtentry$$0000000D          0x08000218   Section        8  __rtentry2.o(.ARM.Collect$$rtentry$$0000000D)
    .ARM.Collect$$rtexit$$00000000           0x08000220   Section        2  rtexit.o(.ARM.Collect$$rtexit$$00000000)
    .ARM.Collect$$rtexit$$00000002           0x08000222   Section        0  rtexit2.o(.ARM.Collect$$rtexit$$00000002)
    .ARM.Collect$$rtexit$$00000003           0x08000222   Section        4  rtexit2.o(.ARM.Collect$$rtexit$$00000003)
    .ARM.Collect$$rtexit$$00000004           0x08000226   Section        6  rtexit2.o(.ARM.Collect$$rtexit$$00000004)
    .text                                    0x0800022c   Section       64  startup_stm32f10x_hd.o(.text)
    .text                                    0x0800026c   Section        2  use_no_semi_2.o(.text)
    .text                                    0x08000270   Section        0  noretval__2printf.o(.text)
    .text                                    0x08000288   Section        0  _printf_pad.o(.text)
    .text                                    0x080002d6   Section        0  _printf_str.o(.text)
    .text                                    0x08000328   Section        0  _printf_dec.o(.text)
    .text                                    0x080003a0   Section        0  _printf_hex_int.o(.text)
    .text                                    0x080003f8   Section        0  __printf_flags_ss_wp.o(.text)
    .text                                    0x08000580   Section        0  heapauxi.o(.text)
    .text                                    0x08000586   Section        2  use_no_semi.o(.text)
    .text                                    0x08000588   Section        0  _printf_intcommon.o(.text)
    .text                                    0x0800063a   Section        0  _printf_char.o(.text)
    .text                                    0x08000668   Section        0  _printf_char_file.o(.text)
    .text                                    0x0800068c   Section        0  _printf_char_common.o(.text)
    _printf_input_char                       0x0800068d   Thumb Code    10  _printf_char_common.o(.text)
    .text                                    0x080006bc   Section        0  ferror.o(.text)
    .text                                    0x080006c4   Section       74  sys_stackheap_outer.o(.text)
    .text                                    0x0800070e   Section        0  exit.o(.text)
    .text                                    0x0800071c   Section        8  libspace.o(.text)
    i.BusFault_Handler                       0x08000724   Section        0  stm32f10x_it.o(i.BusFault_Handler)
    i.DebugMon_Handler                       0x08000728   Section        0  stm32f10x_it.o(i.DebugMon_Handler)
    i.EXTI1_IRQHandler                       0x0800072c   Section        0  exti.o(i.EXTI1_IRQHandler)
    i.EXTI_ClearITPendingBit                 0x08000744   Section        0  stm32f10x_exti.o(i.EXTI_ClearITPendingBit)
    i.GPIO_Init                              0x08000750   Section        0  stm32f10x_gpio.o(i.GPIO_Init)
    i.GPIO_ResetBits                         0x08000866   Section        0  stm32f10x_gpio.o(i.GPIO_ResetBits)
    i.GPIO_SetBits                           0x0800086a   Section        0  stm32f10x_gpio.o(i.GPIO_SetBits)
    i.HardFault_Handler                      0x0800086e   Section        0  stm32f10x_it.o(i.HardFault_Handler)
    i.KEY_Init                               0x08000874   Section        0  key.o(i.KEY_Init)
    i.KEY_Scan                               0x0800089c   Section        0  key.o(i.KEY_Scan)
    i.Locate_Rle                             0x08000a54   Section        0  step_motor.o(i.Locate_Rle)
    i.MemManage_Handler                      0x08000aa2   Section        0  stm32f10x_it.o(i.MemManage_Handler)
    i.NMI_Handler                            0x08000aa6   Section        0  stm32f10x_it.o(i.NMI_Handler)
    i.NVIC_Init                              0x08000aa8   Section        0  misc.o(i.NVIC_Init)
    i.NVIC_PriorityGroupConfig               0x08000b18   Section        0  misc.o(i.NVIC_PriorityGroupConfig)
    i.PendSV_Handler                         0x08000b2c   Section        0  stm32f10x_it.o(i.PendSV_Handler)
    i.RCC_APB1PeriphClockCmd                 0x08000b30   Section        0  stm32f10x_rcc.o(i.RCC_APB1PeriphClockCmd)
    i.RCC_APB2PeriphClockCmd                 0x08000b50   Section        0  stm32f10x_rcc.o(i.RCC_APB2PeriphClockCmd)
    i.RCC_GetClocksFreq                      0x08000b70   Section        0  stm32f10x_rcc.o(i.RCC_GetClocksFreq)
    i.SVC_Handler                            0x08000c44   Section        0  stm32f10x_it.o(i.SVC_Handler)
    i.SetSysClock                            0x08000c46   Section        0  system_stm32f10x.o(i.SetSysClock)
    SetSysClock                              0x08000c47   Thumb Code     8  system_stm32f10x.o(i.SetSysClock)
    i.SetSysClockTo72                        0x08000c50   Section        0  system_stm32f10x.o(i.SetSysClockTo72)
    SetSysClockTo72                          0x08000c51   Thumb Code   214  system_stm32f10x.o(i.SetSysClockTo72)
    i.SysTick_CLKSourceConfig                0x08000d30   Section        0  misc.o(i.SysTick_CLKSourceConfig)
    i.SysTick_Handler                        0x08000d58   Section        0  stm32f10x_it.o(i.SysTick_Handler)
    i.SystemInit                             0x08000d5c   Section        0  system_stm32f10x.o(i.SystemInit)
    i.TIM4_IRQHandler                        0x08000dbc   Section        0  shell.o(i.TIM4_IRQHandler)
    i.TIM5_IRQHandler                        0x08000df4   Section        0  time.o(i.TIM5_IRQHandler)
    i.TIM6_IRQHandler                        0x08000e64   Section        0  time.o(i.TIM6_IRQHandler)
    i.TIM7_IRQHandler                        0x08000ed4   Section        0  time.o(i.TIM7_IRQHandler)
    i.TIM_ClearFlag                          0x08000f44   Section        0  stm32f10x_tim.o(i.TIM_ClearFlag)
    i.TIM_ClearITPendingBit                  0x08000f4a   Section        0  stm32f10x_tim.o(i.TIM_ClearITPendingBit)
    i.TIM_Cmd                                0x08000f50   Section        0  stm32f10x_tim.o(i.TIM_Cmd)
    i.TIM_GetCounter                         0x08000f68   Section        0  stm32f10x_tim.o(i.TIM_GetCounter)
    i.TIM_GetFlagStatus                      0x08000f6e   Section        0  stm32f10x_tim.o(i.TIM_GetFlagStatus)
    i.TIM_GetITStatus                        0x08000f80   Section        0  stm32f10x_tim.o(i.TIM_GetITStatus)
    i.TIM_ITConfig                           0x08000fa2   Section        0  stm32f10x_tim.o(i.TIM_ITConfig)
    i.TIM_SetAutoreload                      0x08000fb4   Section        0  stm32f10x_tim.o(i.TIM_SetAutoreload)
    i.TIM_SetCounter                         0x08000fb8   Section        0  stm32f10x_tim.o(i.TIM_SetCounter)
    i.TIM_TimeBaseInit                       0x08000fbc   Section        0  stm32f10x_tim.o(i.TIM_TimeBaseInit)
    i.Timer4_Init                            0x08001060   Section        0  shell.o(i.Timer4_Init)
    i.USART1_IRQHandler                      0x080010bc   Section        0  usart1.o(i.USART1_IRQHandler)
    i.USART_Cmd                              0x08001144   Section        0  stm32f10x_usart.o(i.USART_Cmd)
    i.USART_GetITStatus                      0x0800115c   Section        0  stm32f10x_usart.o(i.USART_GetITStatus)
    i.USART_ITConfig                         0x080011b0   Section        0  stm32f10x_usart.o(i.USART_ITConfig)
    i.USART_Init                             0x080011fc   Section        0  stm32f10x_usart.o(i.USART_Init)
    i.USART_ReceiveData                      0x080012d4   Section        0  stm32f10x_usart.o(i.USART_ReceiveData)
    i.UsageFault_Handler                     0x080012de   Section        0  stm32f10x_it.o(i.UsageFault_Handler)
    i.X_Locate_Rle                           0x080012e4   Section        0  step_motor.o(i.X_Locate_Rle)
    i.Y_Locate_Rle                           0x0800131c   Section        0  step_motor.o(i.Y_Locate_Rle)
    i.Z_Locate_Rle                           0x08001354   Section        0  step_motor.o(i.Z_Locate_Rle)
    i._is_digit                              0x0800138c   Section        0  __printf_wp.o(i._is_digit)
    i._sys_exit                              0x0800139a   Section        0  usart1.o(i._sys_exit)
    i.back_zero                              0x080013a0   Section        0  step_motor.o(i.back_zero)
    i.control                                0x08001410   Section        0  main.o(i.control)
    i.delay_init                             0x08001560   Section        0  delay.o(i.delay_init)
    i.delay_ms                               0x080015a4   Section        0  delay.o(i.delay_ms)
    i.fputc                                  0x080015f0   Section        0  usart1.o(i.fputc)
    i.led_flicker                            0x0800160c   Section        0  led.o(i.led_flicker)
    i.led_set                                0x08001644   Section        0  led.o(i.led_set)
    i.main                                   0x08001658   Section        0  main.o(i.main)
    i.motor_start                            0x0800167c   Section        0  step_motor.o(i.motor_start)
    i.read_addr                              0x080016a8   Section        0  shell.o(i.read_addr)
    i.step_calculate                         0x080016b0   Section        0  step_motor.o(i.step_calculate)
    i.step_frv_motor                         0x080016d8   Section        0  step_motor.o(i.step_frv_motor)
    i.step_motor_STOP                        0x08001710   Section        0  step_motor.o(i.step_motor_STOP)
    i.step_motor_init                        0x0800176c   Section        0  step_motor.o(i.step_motor_init)
    i.test_fun                               0x080017f8   Section        0  main.o(i.test_fun)
    i.time5_Init                             0x08001804   Section        0  time.o(i.time5_Init)
    i.time6_Init                             0x08001860   Section        0  time.o(i.time6_Init)
    i.time7_Init                             0x080018bc   Section        0  time.o(i.time7_Init)
    i.uart1_init                             0x08001918   Section        0  usart1.o(i.uart1_init)
    i.usmart_cmd_rec                         0x080019b8   Section        0  shell.o(i.usmart_cmd_rec)
    i.usmart_exe                             0x08001a68   Section        0  shell.o(i.usmart_exe)
    i.usmart_get_aparm                       0x08001d3c   Section        0  shell_str.o(i.usmart_get_aparm)
    i.usmart_get_cmdname                     0x08001e04   Section        0  shell_str.o(i.usmart_get_cmdname)
    i.usmart_get_fname                       0x08001e3c   Section        0  shell_str.o(i.usmart_get_fname)
    i.usmart_get_fparam                      0x08001ffc   Section        0  shell_str.o(i.usmart_get_fparam)
    i.usmart_get_parmpos                     0x08002108   Section        0  shell_str.o(i.usmart_get_parmpos)
    i.usmart_get_runtime                     0x08002128   Section        0  shell.o(i.usmart_get_runtime)
    i.usmart_init                            0x0800216c   Section        0  shell.o(i.usmart_init)
    i.usmart_pow                             0x08002194   Section        0  shell_str.o(i.usmart_pow)
    i.usmart_reset_runtime                   0x080021ac   Section        0  shell.o(i.usmart_reset_runtime)
    i.usmart_scan                            0x080021dc   Section        0  shell.o(i.usmart_scan)
    i.usmart_search_nextc                    0x08002298   Section        0  shell_str.o(i.usmart_search_nextc)
    i.usmart_str2num                         0x080022ae   Section        0  shell_str.o(i.usmart_str2num)
    i.usmart_strcmp                          0x08002378   Section        0  shell_str.o(i.usmart_strcmp)
    i.usmart_strcopy                         0x0800239a   Section        0  shell_str.o(i.usmart_strcopy)
    i.usmart_strlen                          0x080023b0   Section        0  shell_str.o(i.usmart_strlen)
    i.usmart_sys_cmd_exe                     0x080023c8   Section        0  shell.o(i.usmart_sys_cmd_exe)
    i.write_addr                             0x08002a6c   Section        0  shell.o(i.write_addr)
    i.x_step_direction                       0x08002a70   Section        0  step_motor.o(i.x_step_direction)
    i.x_step_motor                           0x08002a94   Section        0  step_motor.o(i.x_step_motor)
    i.x_step_motor_start                     0x08002ac8   Section        0  step_motor.o(i.x_step_motor_start)
    i.x_step_motor_stop                      0x08002adc   Section        0  step_motor.o(i.x_step_motor_stop)
    i.y_step_direction                       0x08002b08   Section        0  step_motor.o(i.y_step_direction)
    i.y_step_motor                           0x08002b2c   Section        0  step_motor.o(i.y_step_motor)
    i.y_step_motor_start                     0x08002b60   Section        0  step_motor.o(i.y_step_motor_start)
    i.y_step_motor_stop                      0x08002b74   Section        0  step_motor.o(i.y_step_motor_stop)
    i.z_step_direction                       0x08002ba0   Section        0  step_motor.o(i.z_step_direction)
    i.z_step_motor                           0x08002bc4   Section        0  step_motor.o(i.z_step_motor)
    i.z_step_motor_start                     0x08002bf8   Section        0  step_motor.o(i.z_step_motor_start)
    i.z_step_motor_stop                      0x08002c0c   Section        0  step_motor.o(i.z_step_motor_stop)
    x$fpl$ddiv                               0x08002c38   Section      688  ddiv.o(x$fpl$ddiv)
    ddiv_entry                               0x08002c3f   Thumb Code     0  ddiv.o(x$fpl$ddiv)
    x$fpl$dfixu                              0x08002ee8   Section       90  dfixu.o(x$fpl$dfixu)
    x$fpl$dfltu                              0x08002f42   Section       38  dflt_clz.o(x$fpl$dfltu)
    x$fpl$dnaninf                            0x08002f68   Section      156  dnaninf.o(x$fpl$dnaninf)
    x$fpl$dretinf                            0x08003004   Section       12  dretinf.o(x$fpl$dretinf)
    x$fpl$fadd                               0x08003010   Section      196  faddsub_clz.o(x$fpl$fadd)
    _fadd1                                   0x0800301f   Thumb Code     0  faddsub_clz.o(x$fpl$fadd)
    x$fpl$fdiv                               0x080030d4   Section      388  fdiv.o(x$fpl$fdiv)
    _fdiv1                                   0x080030d5   Thumb Code     0  fdiv.o(x$fpl$fdiv)
    x$fpl$ffixu                              0x08003258   Section       62  ffixu.o(x$fpl$ffixu)
    x$fpl$fmul                               0x08003298   Section      258  fmul.o(x$fpl$fmul)
    x$fpl$fnaninf                            0x0800339a   Section      140  fnaninf.o(x$fpl$fnaninf)
    x$fpl$fretinf                            0x08003426   Section       10  fretinf.o(x$fpl$fretinf)
    x$fpl$fsub                               0x08003430   Section      234  faddsub_clz.o(x$fpl$fsub)
    _fsub1                                   0x0800343f   Thumb Code     0  faddsub_clz.o(x$fpl$fsub)
    .constdata                               0x0800351a   Section       40  _printf_hex_int.o(.constdata)
    x$fpl$usenofp                            0x0800351a   Section        0  usenofp.o(x$fpl$usenofp)
    uc_hextab                                0x0800351a   Data          20  _printf_hex_int.o(.constdata)
    lc_hextab                                0x0800352e   Data          20  _printf_hex_int.o(.constdata)
    .constdata                               0x08003542   Section       17  __printf_flags_ss_wp.o(.constdata)
    maptable                                 0x08003542   Data          17  __printf_flags_ss_wp.o(.constdata)
    .conststring                             0x08003554   Section       36  shell.o(.conststring)
    .conststring                             0x08003578   Section      332  shell_config.o(.conststring)
    .data                                    0x20000000   Section       25  main.o(.data)
    .data                                    0x2000001c   Section       20  system_stm32f10x.o(.data)
    .data                                    0x20000030   Section       20  stm32f10x_rcc.o(.data)
    APBAHBPrescTable                         0x20000030   Data          16  stm32f10x_rcc.o(.data)
    ADCPrescTable                            0x20000040   Data           4  stm32f10x_rcc.o(.data)
    .data                                    0x20000044   Section        4  delay.o(.data)
    fac_us                                   0x20000044   Data           1  delay.o(.data)
    fac_ms                                   0x20000046   Data           2  delay.o(.data)
    .data                                    0x20000048   Section        6  usart1.o(.data)
    .data                                    0x2000004e   Section        2  exti.o(.data)
    .data                                    0x20000050   Section        1  key.o(.data)
    key_up                                   0x20000050   Data           1  key.o(.data)
    .data                                    0x20000054   Section       28  shell.o(.data)
    .data                                    0x20000070   Section      300  shell_config.o(.data)
    .data                                    0x2000019c   Section       34  step_motor.o(.data)
    .bss                                     0x200001c0   Section      200  usart1.o(.bss)
    .bss                                     0x20000288   Section       96  libspace.o(.bss)
    HEAP                                     0x200002e8   Section      512  startup_stm32f10x_hd.o(HEAP)
    Heap_Mem                                 0x200002e8   Data         512  startup_stm32f10x_hd.o(HEAP)
    STACK                                    0x200004e8   Section     1024  startup_stm32f10x_hd.o(STACK)
    Stack_Mem                                0x200004e8   Data        1024  startup_stm32f10x_hd.o(STACK)
    __initial_sp                             0x200008e8   Data           0  startup_stm32f10x_hd.o(STACK)

    Global Symbols

    Symbol Name                              Value     Ov Type        Size  Object(Section)

    BuildAttributes$$THM_ISAv4$P$D$K$B$S$PE$A:L22UL41UL21$X:L11$S22US41US21$IEEE1$IW$USESV6$~STKCKD$USESV7$~SHL$OSPACE$ROPI$EBA8$UX$STANDARDLIB$REQ8$PRES8$EABIv2 0x00000000   Number         0  anon$$obj.o ABSOLUTE
    __ARM_use_no_argv                        0x00000000   Number         0  main.o ABSOLUTE
    _printf_flags                            0x00000000   Number         0  printf_stubs.o ABSOLUTE
    _printf_return_value                     0x00000000   Number         0  printf_stubs.o ABSOLUTE
    _printf_sizespec                         0x00000000   Number         0  printf_stubs.o ABSOLUTE
    _printf_widthprec                        0x00000000   Number         0  printf_stubs.o ABSOLUTE
    __ARM_exceptions_init                     - Undefined Weak Reference
    __alloca_initialize                       - Undefined Weak Reference
    __arm_preinit_                            - Undefined Weak Reference
    __cpp_initialize__aeabi_                  - Undefined Weak Reference
    __cxa_finalize                            - Undefined Weak Reference
    __rt_locale                               - Undefined Weak Reference
    __sigvec_lookup                           - Undefined Weak Reference
    _atexit_init                              - Undefined Weak Reference
    _call_atexit_fns                          - Undefined Weak Reference
    _clock_init                               - Undefined Weak Reference
    _fp_trap_init                             - Undefined Weak Reference
    _fp_trap_shutdown                         - Undefined Weak Reference
    _get_lc_collate                           - Undefined Weak Reference
    _get_lc_ctype                             - Undefined Weak Reference
    _get_lc_monetary                          - Undefined Weak Reference
    _get_lc_numeric                           - Undefined Weak Reference
    _get_lc_time                              - Undefined Weak Reference
    _getenv_init                              - Undefined Weak Reference
    _handle_redirection                       - Undefined Weak Reference
    _init_alloc                               - Undefined Weak Reference
    _init_user_alloc                          - Undefined Weak Reference
    _initio                                   - Undefined Weak Reference
    _mutex_acquire                            - Undefined Weak Reference
    _mutex_release                            - Undefined Weak Reference
    _printf_mbtowc                            - Undefined Weak Reference
    _printf_truncate_signed                   - Undefined Weak Reference
    _printf_truncate_unsigned                 - Undefined Weak Reference
    _rand_init                                - Undefined Weak Reference
    _signal_finish                            - Undefined Weak Reference
    _signal_init                              - Undefined Weak Reference
    _terminate_alloc                          - Undefined Weak Reference
    _terminate_user_alloc                     - Undefined Weak Reference
    _terminateio                              - Undefined Weak Reference
    __Vectors_Size                           0x00000130   Number         0  startup_stm32f10x_hd.o ABSOLUTE
    __Vectors                                0x08000000   Data           4  startup_stm32f10x_hd.o(RESET)
    __Vectors_End                            0x08000130   Data           0  startup_stm32f10x_hd.o(RESET)
    __main                                   0x08000131   Thumb Code     8  __main.o(!!!main)
    __scatterload                            0x08000139   Thumb Code     0  __scatter.o(!!!scatter)
    __scatterload_rt2                        0x08000139   Thumb Code    44  __scatter.o(!!!scatter)
    __scatterload_rt2_thumb_only             0x08000139   Thumb Code     0  __scatter.o(!!!scatter)
    __scatterload_null                       0x08000147   Thumb Code     0  __scatter.o(!!!scatter)
    __decompress                             0x0800016d   Thumb Code    90  __dczerorl2.o(!!dczerorl2)
    __decompress1                            0x0800016d   Thumb Code     0  __dczerorl2.o(!!dczerorl2)
    __scatterload_zeroinit                   0x080001c9   Thumb Code    28  __scatter_zi.o(!!handler_zi)
    _printf_d                                0x080001e5   Thumb Code     0  _printf_d.o(.ARM.Collect$$_printf_percent$$00000009)
    _printf_percent                          0x080001e5   Thumb Code     0  _printf_percent.o(.ARM.Collect$$_printf_percent$$00000000)
    _printf_u                                0x080001eb   Thumb Code     0  _printf_u.o(.ARM.Collect$$_printf_percent$$0000000A)
    _printf_x                                0x080001f1   Thumb Code     0  _printf_x.o(.ARM.Collect$$_printf_percent$$0000000C)
    _printf_c                                0x080001f7   Thumb Code     0  _printf_c.o(.ARM.Collect$$_printf_percent$$00000013)
    _printf_s                                0x080001fd   Thumb Code     0  _printf_s.o(.ARM.Collect$$_printf_percent$$00000014)
    _printf_percent_end                      0x08000203   Thumb Code     0  _printf_percent_end.o(.ARM.Collect$$_printf_percent$$00000017)
    __rt_lib_init                            0x08000207   Thumb Code     0  libinit.o(.ARM.Collect$$libinit$$00000000)
    __rt_lib_init_alloca_1                   0x08000209   Thumb Code     0  libinit2.o(.ARM.Collect$$libinit$$0000002E)
    __rt_lib_init_argv_1                     0x08000209   Thumb Code     0  libinit2.o(.ARM.Collect$$libinit$$0000002C)
    __rt_lib_init_atexit_1                   0x08000209   Thumb Code     0  libinit2.o(.ARM.Collect$$libinit$$0000001B)
    __rt_lib_init_clock_1                    0x08000209   Thumb Code     0  libinit2.o(.ARM.Collect$$libinit$$00000021)
    __rt_lib_init_cpp_1                      0x08000209   Thumb Code     0  libinit2.o(.ARM.Collect$$libinit$$00000032)
    __rt_lib_init_exceptions_1               0x08000209   Thumb Code     0  libinit2.o(.ARM.Collect$$libinit$$00000030)
    __rt_lib_init_fp_1                       0x08000209   Thumb Code     0  libinit2.o(.ARM.Collect$$libinit$$00000002)
    __rt_lib_init_fp_trap_1                  0x08000209   Thumb Code     0  libinit2.o(.ARM.Collect$$libinit$$0000001F)
    __rt_lib_init_getenv_1                   0x08000209   Thumb Code     0  libinit2.o(.ARM.Collect$$libinit$$00000023)
    __rt_lib_init_heap_1                     0x08000209   Thumb Code     0  libinit2.o(.ARM.Collect$$libinit$$0000000A)
    __rt_lib_init_lc_collate_1               0x08000209   Thumb Code     0  libinit2.o(.ARM.Collect$$libinit$$00000011)
    __rt_lib_init_lc_ctype_1                 0x08000209   Thumb Code     0  libinit2.o(.ARM.Collect$$libinit$$00000013)
    __rt_lib_init_lc_monetary_1              0x08000209   Thumb Code     0  libinit2.o(.ARM.Collect$$libinit$$00000015)
    __rt_lib_init_lc_numeric_1               0x08000209   Thumb Code     0  libinit2.o(.ARM.Collect$$libinit$$00000017)
    __rt_lib_init_lc_time_1                  0x08000209   Thumb Code     0  libinit2.o(.ARM.Collect$$libinit$$00000019)
    __rt_lib_init_preinit_1                  0x08000209   Thumb Code     0  libinit2.o(.ARM.Collect$$libinit$$00000004)
    __rt_lib_init_rand_1                     0x08000209   Thumb Code     0  libinit2.o(.ARM.Collect$$libinit$$0000000E)
    __rt_lib_init_return                     0x08000209   Thumb Code     0  libinit2.o(.ARM.Collect$$libinit$$00000033)
    __rt_lib_init_signal_1                   0x08000209   Thumb Code     0  libinit2.o(.ARM.Collect$$libinit$$0000001D)
    __rt_lib_init_stdio_1                    0x08000209   Thumb Code     0  libinit2.o(.ARM.Collect$$libinit$$00000025)
    __rt_lib_init_user_alloc_1               0x08000209   Thumb Code     0  libinit2.o(.ARM.Collect$$libinit$$0000000C)
    __rt_lib_shutdown                        0x0800020b   Thumb Code     0  libshutdown.o(.ARM.Collect$$libshutdown$$00000000)
    __rt_lib_shutdown_fp_trap_1              0x0800020d   Thumb Code     0  libshutdown2.o(.ARM.Collect$$libshutdown$$00000006)
    __rt_lib_shutdown_heap_1                 0x0800020d   Thumb Code     0  libshutdown2.o(.ARM.Collect$$libshutdown$$0000000E)
    __rt_lib_shutdown_return                 0x0800020d   Thumb Code     0  libshutdown2.o(.ARM.Collect$$libshutdown$$0000000F)
    __rt_lib_shutdown_signal_1               0x0800020d   Thumb Code     0  libshutdown2.o(.ARM.Collect$$libshutdown$$00000009)
    __rt_lib_shutdown_stdio_1                0x0800020d   Thumb Code     0  libshutdown2.o(.ARM.Collect$$libshutdown$$00000003)
    __rt_lib_shutdown_user_alloc_1           0x0800020d   Thumb Code     0  libshutdown2.o(.ARM.Collect$$libshutdown$$0000000B)
    __rt_entry                               0x0800020f   Thumb Code     0  __rtentry.o(.ARM.Collect$$rtentry$$00000000)
    __rt_entry_presh_1                       0x0800020f   Thumb Code     0  __rtentry2.o(.ARM.Collect$$rtentry$$00000002)
    __rt_entry_sh                            0x0800020f   Thumb Code     0  __rtentry4.o(.ARM.Collect$$rtentry$$00000004)
    __rt_entry_li                            0x08000215   Thumb Code     0  __rtentry2.o(.ARM.Collect$$rtentry$$0000000A)
    __rt_entry_postsh_1                      0x08000215   Thumb Code     0  __rtentry2.o(.ARM.Collect$$rtentry$$00000009)
    __rt_entry_main                          0x08000219   Thumb Code     0  __rtentry2.o(.ARM.Collect$$rtentry$$0000000D)
    __rt_entry_postli_1                      0x08000219   Thumb Code     0  __rtentry2.o(.ARM.Collect$$rtentry$$0000000C)
    __rt_exit                                0x08000221   Thumb Code     0  rtexit.o(.ARM.Collect$$rtexit$$00000000)
    __rt_exit_ls                             0x08000223   Thumb Code     0  rtexit2.o(.ARM.Collect$$rtexit$$00000003)
    __rt_exit_prels_1                        0x08000223   Thumb Code     0  rtexit2.o(.ARM.Collect$$rtexit$$00000002)
    __rt_exit_exit                           0x08000227   Thumb Code     0  rtexit2.o(.ARM.Collect$$rtexit$$00000004)
    Reset_Handler                            0x0800022d   Thumb Code     8  startup_stm32f10x_hd.o(.text)
    ADC1_2_IRQHandler                        0x08000247   Thumb Code     0  startup_stm32f10x_hd.o(.text)
    ADC3_IRQHandler                          0x08000247   Thumb Code     0  startup_stm32f10x_hd.o(.text)
    CAN1_RX1_IRQHandler                      0x08000247   Thumb Code     0  startup_stm32f10x_hd.o(.text)
    CAN1_SCE_IRQHandler                      0x08000247   Thumb Code     0  startup_stm32f10x_hd.o(.text)
    DMA1_Channel1_IRQHandler                 0x08000247   Thumb Code     0  startup_stm32f10x_hd.o(.text)
    DMA1_Channel2_IRQHandler                 0x08000247   Thumb Code     0  startup_stm32f10x_hd.o(.text)
    DMA1_Channel3_IRQHandler                 0x08000247   Thumb Code     0  startup_stm32f10x_hd.o(.text)
    DMA1_Channel4_IRQHandler                 0x08000247   Thumb Code     0  startup_stm32f10x_hd.o(.text)
    DMA1_Channel5_IRQHandler                 0x08000247   Thumb Code     0  startup_stm32f10x_hd.o(.text)
    DMA1_Channel6_IRQHandler                 0x08000247   Thumb Code     0  startup_stm32f10x_hd.o(.text)
    DMA1_Channel7_IRQHandler                 0x08000247   Thumb Code     0  startup_stm32f10x_hd.o(.text)
    DMA2_Channel1_IRQHandler                 0x08000247   Thumb Code     0  startup_stm32f10x_hd.o(.text)
    DMA2_Channel2_IRQHandler                 0x08000247   Thumb Code     0  startup_stm32f10x_hd.o(.text)
    DMA2_Channel3_IRQHandler                 0x08000247   Thumb Code     0  startup_stm32f10x_hd.o(.text)
    DMA2_Channel4_5_IRQHandler               0x08000247   Thumb Code     0  startup_stm32f10x_hd.o(.text)
    EXTI0_IRQHandler                         0x08000247   Thumb Code     0  startup_stm32f10x_hd.o(.text)
    EXTI15_10_IRQHandler                     0x08000247   Thumb Code     0  startup_stm32f10x_hd.o(.text)
    EXTI2_IRQHandler                         0x08000247   Thumb Code     0  startup_stm32f10x_hd.o(.text)
    EXTI3_IRQHandler                         0x08000247   Thumb Code     0  startup_stm32f10x_hd.o(.text)
    EXTI4_IRQHandler                         0x08000247   Thumb Code     0  startup_stm32f10x_hd.o(.text)
    EXTI9_5_IRQHandler                       0x08000247   Thumb Code     0  startup_stm32f10x_hd.o(.text)
    FLASH_IRQHandler                         0x08000247   Thumb Code     0  startup_stm32f10x_hd.o(.text)
    FSMC_IRQHandler                          0x08000247   Thumb Code     0  startup_stm32f10x_hd.o(.text)
    I2C1_ER_IRQHandler                       0x08000247   Thumb Code     0  startup_stm32f10x_hd.o(.text)
    I2C1_EV_IRQHandler                       0x08000247   Thumb Code     0  startup_stm32f10x_hd.o(.text)
    I2C2_ER_IRQHandler                       0x08000247   Thumb Code     0  startup_stm32f10x_hd.o(.text)
    I2C2_EV_IRQHandler                       0x08000247   Thumb Code     0  startup_stm32f10x_hd.o(.text)
    PVD_IRQHandler                           0x08000247   Thumb Code     0  startup_stm32f10x_hd.o(.text)
    RCC_IRQHandler                           0x08000247   Thumb Code     0  startup_stm32f10x_hd.o(.text)
    RTCAlarm_IRQHandler                      0x08000247   Thumb Code     0  startup_stm32f10x_hd.o(.text)
    RTC_IRQHandler                           0x08000247   Thumb Code     0  startup_stm32f10x_hd.o(.text)
    SDIO_IRQHandler                          0x08000247   Thumb Code     0  startup_stm32f10x_hd.o(.text)
    SPI1_IRQHandler                          0x08000247   Thumb Code     0  startup_stm32f10x_hd.o(.text)
    SPI2_IRQHandler                          0x08000247   Thumb Code     0  startup_stm32f10x_hd.o(.text)
    SPI3_IRQHandler                          0x08000247   Thumb Code     0  startup_stm32f10x_hd.o(.text)
    TAMPER_IRQHandler                        0x08000247   Thumb Code     0  startup_stm32f10x_hd.o(.text)
    TIM1_BRK_IRQHandler                      0x08000247   Thumb Code     0  startup_stm32f10x_hd.o(.text)
    TIM1_CC_IRQHandler                       0x08000247   Thumb Code     0  startup_stm32f10x_hd.o(.text)
    TIM1_TRG_COM_IRQHandler                  0x08000247   Thumb Code     0  startup_stm32f10x_hd.o(.text)
    TIM1_UP_IRQHandler                       0x08000247   Thumb Code     0  startup_stm32f10x_hd.o(.text)
    TIM2_IRQHandler                          0x08000247   Thumb Code     0  startup_stm32f10x_hd.o(.text)
    TIM3_IRQHandler                          0x08000247   Thumb Code     0  startup_stm32f10x_hd.o(.text)
    TIM8_BRK_IRQHandler                      0x08000247   Thumb Code     0  startup_stm32f10x_hd.o(.text)
    TIM8_CC_IRQHandler                       0x08000247   Thumb Code     0  startup_stm32f10x_hd.o(.text)
    TIM8_TRG_COM_IRQHandler                  0x08000247   Thumb Code     0  startup_stm32f10x_hd.o(.text)
    TIM8_UP_IRQHandler                       0x08000247   Thumb Code     0  startup_stm32f10x_hd.o(.text)
    UART4_IRQHandler                         0x08000247   Thumb Code     0  startup_stm32f10x_hd.o(.text)
    UART5_IRQHandler                         0x08000247   Thumb Code     0  startup_stm32f10x_hd.o(.text)
    USART2_IRQHandler                        0x08000247   Thumb Code     0  startup_stm32f10x_hd.o(.text)
    USART3_IRQHandler                        0x08000247   Thumb Code     0  startup_stm32f10x_hd.o(.text)
    USBWakeUp_IRQHandler                     0x08000247   Thumb Code     0  startup_stm32f10x_hd.o(.text)
    USB_HP_CAN1_TX_IRQHandler                0x08000247   Thumb Code     0  startup_stm32f10x_hd.o(.text)
    USB_LP_CAN1_RX0_IRQHandler               0x08000247   Thumb Code     0  startup_stm32f10x_hd.o(.text)
    WWDG_IRQHandler                          0x08000247   Thumb Code     0  startup_stm32f10x_hd.o(.text)
    __user_initial_stackheap                 0x08000249   Thumb Code     0  startup_stm32f10x_hd.o(.text)
    __use_no_semihosting                     0x0800026d   Thumb Code     2  use_no_semi_2.o(.text)
    __2printf                                0x08000271   Thumb Code    20  noretval__2printf.o(.text)
    _printf_pre_padding                      0x08000289   Thumb Code    44  _printf_pad.o(.text)
    _printf_post_padding                     0x080002b5   Thumb Code    34  _printf_pad.o(.text)
    _printf_str                              0x080002d7   Thumb Code    82  _printf_str.o(.text)
    _printf_int_dec                          0x08000329   Thumb Code   104  _printf_dec.o(.text)
    _printf_int_hex                          0x080003a1   Thumb Code    84  _printf_hex_int.o(.text)
    _printf_longlong_hex                     0x080003a1   Thumb Code     0  _printf_hex_int.o(.text)
    __printf                                 0x080003f9   Thumb Code   388  __printf_flags_ss_wp.o(.text)
    __use_two_region_memory                  0x08000581   Thumb Code     2  heapauxi.o(.text)
    __rt_heap_escrow$2region                 0x08000583   Thumb Code     2  heapauxi.o(.text)
    __rt_heap_expand$2region                 0x08000585   Thumb Code     2  heapauxi.o(.text)
    __I$use$semihosting                      0x08000587   Thumb Code     0  use_no_semi.o(.text)
    __use_no_semihosting_swi                 0x08000587   Thumb Code     2  use_no_semi.o(.text)
    _printf_int_common                       0x08000589   Thumb Code   178  _printf_intcommon.o(.text)
    _printf_cs_common                        0x0800063b   Thumb Code    20  _printf_char.o(.text)
    _printf_char                             0x0800064f   Thumb Code    16  _printf_char.o(.text)
    _printf_string                           0x0800065f   Thumb Code     8  _printf_char.o(.text)
    _printf_char_file                        0x08000669   Thumb Code    32  _printf_char_file.o(.text)
    _printf_char_common                      0x08000697   Thumb Code    32  _printf_char_common.o(.text)
    ferror                                   0x080006bd   Thumb Code     8  ferror.o(.text)
    __user_setup_stackheap                   0x080006c5   Thumb Code    74  sys_stackheap_outer.o(.text)
    exit                                     0x0800070f   Thumb Code    12  exit.o(.text)
    __user_libspace                          0x0800071d   Thumb Code     8  libspace.o(.text)
    __user_perproc_libspace                  0x0800071d   Thumb Code     0  libspace.o(.text)
    __user_perthread_libspace                0x0800071d   Thumb Code     0  libspace.o(.text)
    BusFault_Handler                         0x08000725   Thumb Code     4  stm32f10x_it.o(i.BusFault_Handler)
    DebugMon_Handler                         0x08000729   Thumb Code     2  stm32f10x_it.o(i.DebugMon_Handler)
    EXTI1_IRQHandler                         0x0800072d   Thumb Code    20  exti.o(i.EXTI1_IRQHandler)
    EXTI_ClearITPendingBit                   0x08000745   Thumb Code     6  stm32f10x_exti.o(i.EXTI_ClearITPendingBit)
    GPIO_Init                                0x08000751   Thumb Code   278  stm32f10x_gpio.o(i.GPIO_Init)
    GPIO_ResetBits                           0x08000867   Thumb Code     4  stm32f10x_gpio.o(i.GPIO_ResetBits)
    GPIO_SetBits                             0x0800086b   Thumb Code     4  stm32f10x_gpio.o(i.GPIO_SetBits)
    HardFault_Handler                        0x0800086f   Thumb Code     4  stm32f10x_it.o(i.HardFault_Handler)
    KEY_Init                                 0x08000875   Thumb Code    34  key.o(i.KEY_Init)
    KEY_Scan                                 0x0800089d   Thumb Code   432  key.o(i.KEY_Scan)
    Locate_Rle                               0x08000a55   Thumb Code    78  step_motor.o(i.Locate_Rle)
    MemManage_Handler                        0x08000aa3   Thumb Code     4  stm32f10x_it.o(i.MemManage_Handler)
    NMI_Handler                              0x08000aa7   Thumb Code     2  stm32f10x_it.o(i.NMI_Handler)
    NVIC_Init                                0x08000aa9   Thumb Code   100  misc.o(i.NVIC_Init)
    NVIC_PriorityGroupConfig                 0x08000b19   Thumb Code    10  misc.o(i.NVIC_PriorityGroupConfig)
    PendSV_Handler                           0x08000b2d   Thumb Code     2  stm32f10x_it.o(i.PendSV_Handler)
    RCC_APB1PeriphClockCmd                   0x08000b31   Thumb Code    26  stm32f10x_rcc.o(i.RCC_APB1PeriphClockCmd)
    RCC_APB2PeriphClockCmd                   0x08000b51   Thumb Code    26  stm32f10x_rcc.o(i.RCC_APB2PeriphClockCmd)
    RCC_GetClocksFreq                        0x08000b71   Thumb Code   192  stm32f10x_rcc.o(i.RCC_GetClocksFreq)
    SVC_Handler                              0x08000c45   Thumb Code     2  stm32f10x_it.o(i.SVC_Handler)
    SysTick_CLKSourceConfig                  0x08000d31   Thumb Code    40  misc.o(i.SysTick_CLKSourceConfig)
    SysTick_Handler                          0x08000d59   Thumb Code     2  stm32f10x_it.o(i.SysTick_Handler)
    SystemInit                               0x08000d5d   Thumb Code    78  system_stm32f10x.o(i.SystemInit)
    TIM4_IRQHandler                          0x08000dbd   Thumb Code    46  shell.o(i.TIM4_IRQHandler)
    TIM5_IRQHandler                          0x08000df5   Thumb Code    92  time.o(i.TIM5_IRQHandler)
    TIM6_IRQHandler                          0x08000e65   Thumb Code    92  time.o(i.TIM6_IRQHandler)
    TIM7_IRQHandler                          0x08000ed5   Thumb Code    92  time.o(i.TIM7_IRQHandler)
    TIM_ClearFlag                            0x08000f45   Thumb Code     6  stm32f10x_tim.o(i.TIM_ClearFlag)
    TIM_ClearITPendingBit                    0x08000f4b   Thumb Code     6  stm32f10x_tim.o(i.TIM_ClearITPendingBit)
    TIM_Cmd                                  0x08000f51   Thumb Code    24  stm32f10x_tim.o(i.TIM_Cmd)
    TIM_GetCounter                           0x08000f69   Thumb Code     6  stm32f10x_tim.o(i.TIM_GetCounter)
    TIM_GetFlagStatus                        0x08000f6f   Thumb Code    18  stm32f10x_tim.o(i.TIM_GetFlagStatus)
    TIM_GetITStatus                          0x08000f81   Thumb Code    34  stm32f10x_tim.o(i.TIM_GetITStatus)
    TIM_ITConfig                             0x08000fa3   Thumb Code    18  stm32f10x_tim.o(i.TIM_ITConfig)
    TIM_SetAutoreload                        0x08000fb5   Thumb Code     4  stm32f10x_tim.o(i.TIM_SetAutoreload)
    TIM_SetCounter                           0x08000fb9   Thumb Code     4  stm32f10x_tim.o(i.TIM_SetCounter)
    TIM_TimeBaseInit                         0x08000fbd   Thumb Code   122  stm32f10x_tim.o(i.TIM_TimeBaseInit)
    Timer4_Init                              0x08001061   Thumb Code    88  shell.o(i.Timer4_Init)
    USART1_IRQHandler                        0x080010bd   Thumb Code   122  usart1.o(i.USART1_IRQHandler)
    USART_Cmd                                0x08001145   Thumb Code    24  stm32f10x_usart.o(i.USART_Cmd)
    USART_GetITStatus                        0x0800115d   Thumb Code    84  stm32f10x_usart.o(i.USART_GetITStatus)
    USART_ITConfig                           0x080011b1   Thumb Code    74  stm32f10x_usart.o(i.USART_ITConfig)
    USART_Init                               0x080011fd   Thumb Code   210  stm32f10x_usart.o(i.USART_Init)
    USART_ReceiveData                        0x080012d5   Thumb Code    10  stm32f10x_usart.o(i.USART_ReceiveData)
    UsageFault_Handler                       0x080012df   Thumb Code     4  stm32f10x_it.o(i.UsageFault_Handler)
    X_Locate_Rle                             0x080012e5   Thumb Code    52  step_motor.o(i.X_Locate_Rle)
    Y_Locate_Rle                             0x0800131d   Thumb Code    52  step_motor.o(i.Y_Locate_Rle)
    Z_Locate_Rle                             0x08001355   Thumb Code    52  step_motor.o(i.Z_Locate_Rle)
    _is_digit                                0x0800138d   Thumb Code    14  __printf_wp.o(i._is_digit)
    _sys_exit                                0x0800139b   Thumb Code     6  usart1.o(i._sys_exit)
    back_zero                                0x080013a1   Thumb Code    98  step_motor.o(i.back_zero)
    control                                  0x08001411   Thumb Code   316  main.o(i.control)
    delay_init                               0x08001561   Thumb Code    50  delay.o(i.delay_init)
    delay_ms                                 0x080015a5   Thumb Code    72  delay.o(i.delay_ms)
    fputc                                    0x080015f1   Thumb Code    24  usart1.o(i.fputc)
    led_flicker                              0x0800160d   Thumb Code    48  led.o(i.led_flicker)
    led_set                                  0x08001645   Thumb Code    12  led.o(i.led_set)
    main                                     0x08001659   Thumb Code    36  main.o(i.main)
    motor_start                              0x0800167d   Thumb Code    44  step_motor.o(i.motor_start)
    read_addr                                0x080016a9   Thumb Code     6  shell.o(i.read_addr)
    step_calculate                           0x080016b1   Thumb Code    32  step_motor.o(i.step_calculate)
    step_frv_motor                           0x080016d9   Thumb Code    52  step_motor.o(i.step_frv_motor)
    step_motor_STOP                          0x08001711   Thumb Code    60  step_motor.o(i.step_motor_STOP)
    step_motor_init                          0x0800176d   Thumb Code   120  step_motor.o(i.step_motor_init)
    test_fun                                 0x080017f9   Thumb Code    12  main.o(i.test_fun)
    time5_Init                               0x08001805   Thumb Code    86  time.o(i.time5_Init)
    time6_Init                               0x08001861   Thumb Code    86  time.o(i.time6_Init)
    time7_Init                               0x080018bd   Thumb Code    86  time.o(i.time7_Init)
    uart1_init                               0x08001919   Thumb Code   152  usart1.o(i.uart1_init)
    usmart_cmd_rec                           0x080019b9   Thumb Code   170  shell.o(i.usmart_cmd_rec)
    usmart_exe                               0x08001a69   Thumb Code   632  shell.o(i.usmart_exe)
    usmart_get_aparm                         0x08001d3d   Thumb Code   200  shell_str.o(i.usmart_get_aparm)
    usmart_get_cmdname                       0x08001e05   Thumb Code    54  shell_str.o(i.usmart_get_cmdname)
    usmart_get_fname                         0x08001e3d   Thumb Code   440  shell_str.o(i.usmart_get_fname)
    usmart_get_fparam                        0x08001ffd   Thumb Code   262  shell_str.o(i.usmart_get_fparam)
    usmart_get_parmpos                       0x08002109   Thumb Code    26  shell_str.o(i.usmart_get_parmpos)
    usmart_get_runtime                       0x08002129   Thumb Code    60  shell.o(i.usmart_get_runtime)
    usmart_init                              0x0800216d   Thumb Code    36  shell.o(i.usmart_init)
    usmart_pow                               0x08002195   Thumb Code    22  shell_str.o(i.usmart_pow)
    usmart_reset_runtime                     0x080021ad   Thumb Code    38  shell.o(i.usmart_reset_runtime)
    usmart_scan                              0x080021dd   Thumb Code   120  shell.o(i.usmart_scan)
    usmart_search_nextc                      0x08002299   Thumb Code    22  shell_str.o(i.usmart_search_nextc)
    usmart_str2num                           0x080022af   Thumb Code   202  shell_str.o(i.usmart_str2num)
    usmart_strcmp                            0x08002379   Thumb Code    34  shell_str.o(i.usmart_strcmp)
    usmart_strcopy                           0x0800239b   Thumb Code    22  shell_str.o(i.usmart_strcopy)
    usmart_strlen                            0x080023b1   Thumb Code    24  shell_str.o(i.usmart_strlen)
    usmart_sys_cmd_exe                       0x080023c9   Thumb Code  1574  shell.o(i.usmart_sys_cmd_exe)
    write_addr                               0x08002a6d   Thumb Code     4  shell.o(i.write_addr)
    x_step_direction                         0x08002a71   Thumb Code    30  step_motor.o(i.x_step_direction)
    x_step_motor                             0x08002a95   Thumb Code    42  step_motor.o(i.x_step_motor)
    x_step_motor_start                       0x08002ac9   Thumb Code    16  step_motor.o(i.x_step_motor_start)
    x_step_motor_stop                        0x08002add   Thumb Code    28  step_motor.o(i.x_step_motor_stop)
    y_step_direction                         0x08002b09   Thumb Code    30  step_motor.o(i.y_step_direction)
    y_step_motor                             0x08002b2d   Thumb Code    42  step_motor.o(i.y_step_motor)
    y_step_motor_start                       0x08002b61   Thumb Code    16  step_motor.o(i.y_step_motor_start)
    y_step_motor_stop                        0x08002b75   Thumb Code    28  step_motor.o(i.y_step_motor_stop)
    z_step_direction                         0x08002ba1   Thumb Code    32  step_motor.o(i.z_step_direction)
    z_step_motor                             0x08002bc5   Thumb Code    42  step_motor.o(i.z_step_motor)
    z_step_motor_start                       0x08002bf9   Thumb Code    16  step_motor.o(i.z_step_motor_start)
    z_step_motor_stop                        0x08002c0d   Thumb Code    28  step_motor.o(i.z_step_motor_stop)
    __aeabi_ddiv                             0x08002c39   Thumb Code     0  ddiv.o(x$fpl$ddiv)
    _ddiv                                    0x08002c39   Thumb Code   552  ddiv.o(x$fpl$ddiv)
    __aeabi_d2uiz                            0x08002ee9   Thumb Code     0  dfixu.o(x$fpl$dfixu)
    _dfixu                                   0x08002ee9   Thumb Code    90  dfixu.o(x$fpl$dfixu)
    __aeabi_ui2d                             0x08002f43   Thumb Code     0  dflt_clz.o(x$fpl$dfltu)
    _dfltu                                   0x08002f43   Thumb Code    38  dflt_clz.o(x$fpl$dfltu)
    __fpl_dnaninf                            0x08002f69   Thumb Code   156  dnaninf.o(x$fpl$dnaninf)
    __fpl_dretinf                            0x08003005   Thumb Code    12  dretinf.o(x$fpl$dretinf)
    __aeabi_fadd                             0x08003011   Thumb Code     0  faddsub_clz.o(x$fpl$fadd)
    _fadd                                    0x08003011   Thumb Code   196  faddsub_clz.o(x$fpl$fadd)
    __aeabi_fdiv                             0x080030d5   Thumb Code     0  fdiv.o(x$fpl$fdiv)
    _fdiv                                    0x080030d5   Thumb Code   384  fdiv.o(x$fpl$fdiv)
    __aeabi_f2uiz                            0x08003259   Thumb Code     0  ffixu.o(x$fpl$ffixu)
    _ffixu                                   0x08003259   Thumb Code    62  ffixu.o(x$fpl$ffixu)
    __aeabi_fmul                             0x08003299   Thumb Code     0  fmul.o(x$fpl$fmul)
    _fmul                                    0x08003299   Thumb Code   258  fmul.o(x$fpl$fmul)
    __fpl_fnaninf                            0x0800339b   Thumb Code   140  fnaninf.o(x$fpl$fnaninf)
    __fpl_fretinf                            0x08003427   Thumb Code    10  fretinf.o(x$fpl$fretinf)
    __aeabi_fsub                             0x08003431   Thumb Code     0  faddsub_clz.o(x$fpl$fsub)
    _fsub                                    0x08003431   Thumb Code   234  faddsub_clz.o(x$fpl$fsub)
    __I$use$fp                               0x0800351a   Number         0  usenofp.o(x$fpl$usenofp)
    Region$$Table$$Base                      0x080036c4   Number         0  anon$$obj.o(Region$$Table)
    Region$$Table$$Limit                     0x080036e4   Number         0  anon$$obj.o(Region$$Table)
    x_Pluse                                  0x20000000   Data           4  main.o(.data)
    y_Pluse                                  0x20000004   Data           4  main.o(.data)
    z_Pluse                                  0x20000008   Data           4  main.o(.data)
    x_need_Pluse                             0x2000000c   Data           4  main.o(.data)
    y_need_Pluse                             0x20000010   Data           4  main.o(.data)
    z_need_Pluse                             0x20000014   Data           4  main.o(.data)
    key                                      0x20000018   Data           1  main.o(.data)
    SystemCoreClock                          0x2000001c   Data           4  system_stm32f10x.o(.data)
    AHBPrescTable                            0x20000020   Data          16  system_stm32f10x.o(.data)
    __stdout                                 0x20000048   Data           4  usart1.o(.data)
    USART_RX_STA                             0x2000004c   Data           2  usart1.o(.data)
    speed                                    0x2000004e   Data           2  exti.o(.data)
    sys_cmd_tab                              0x20000054   Data          28  shell.o(.data)
    usmart_nametab                           0x20000070   Data          56  shell_config.o(.data)
    usmart_dev                               0x200000a8   Data         244  shell_config.o(.data)
    x_double_cycle                           0x2000019c   Data           4  step_motor.o(.data)
    y_double_cycle                           0x200001a0   Data           4  step_motor.o(.data)
    z_double_cycle                           0x200001a4   Data           4  step_motor.o(.data)
    frequency                                0x200001a8   Data           4  step_motor.o(.data)
    x_sum_Pluse                              0x200001ac   Data           4  step_motor.o(.data)
    y_sum_Pluse                              0x200001b0   Data           4  step_motor.o(.data)
    z_sum_Pluse                              0x200001b4   Data           4  step_motor.o(.data)
    X_distance                               0x200001b8   Data           2  step_motor.o(.data)
    Y_distance                               0x200001ba   Data           2  step_motor.o(.data)
    Z_distance                               0x200001bc   Data           2  step_motor.o(.data)
    USART_RX_BUF                             0x200001c0   Data         200  usart1.o(.bss)
    __libspace_start                         0x20000288   Data          96  libspace.o(.bss)
    __temporary_stack_top$libspace           0x200002e8   Data           0  libspace.o(.bss)



==============================================================================

Memory Map of the image

  Image Entry point : 0x08000131

  Load Region LR_IROM1 (Base: 0x08000000, Size: 0x000038a4, Max: 0x00080000, ABSOLUTE, COMPRESSED[0x0000375c])

    Execution Region ER_IROM1 (Base: 0x08000000, Size: 0x000036e4, Max: 0x00080000, ABSOLUTE)

    Base Addr    Size         Type   Attr      Idx    E Section Name        Object

    0x08000000   0x00000130   Data   RO          278    RESET               startup_stm32f10x_hd.o
    0x08000130   0x00000008   Code   RO         2274  * !!!main             c_w.l(__main.o)
    0x08000138   0x00000034   Code   RO         2486    !!!scatter          c_w.l(__scatter.o)
    0x0800016c   0x0000005a   Code   RO         2484    !!dczerorl2         c_w.l(__dczerorl2.o)
    0x080001c6   0x00000002   PAD
    0x080001c8   0x0000001c   Code   RO         2488    !!handler_zi        c_w.l(__scatter_zi.o)
    0x080001e4   0x00000000   Code   RO         2271    .ARM.Collect$$_printf_percent$$00000000  c_w.l(_printf_percent.o)
    0x080001e4   0x00000006   Code   RO         2269    .ARM.Collect$$_printf_percent$$00000009  c_w.l(_printf_d.o)
    0x080001ea   0x00000006   Code   RO         2270    .ARM.Collect$$_printf_percent$$0000000A  c_w.l(_printf_u.o)
    0x080001f0   0x00000006   Code   RO         2268    .ARM.Collect$$_printf_percent$$0000000C  c_w.l(_printf_x.o)
    0x080001f6   0x00000006   Code   RO         2266    .ARM.Collect$$_printf_percent$$00000013  c_w.l(_printf_c.o)
    0x080001fc   0x00000006   Code   RO         2267    .ARM.Collect$$_printf_percent$$00000014  c_w.l(_printf_s.o)
    0x08000202   0x00000004   Code   RO         2317    .ARM.Collect$$_printf_percent$$00000017  c_w.l(_printf_percent_end.o)
    0x08000206   0x00000002   Code   RO         2359    .ARM.Collect$$libinit$$00000000  c_w.l(libinit.o)
    0x08000208   0x00000000   Code   RO         2366    .ARM.Collect$$libinit$$00000002  c_w.l(libinit2.o)
    0x08000208   0x00000000   Code   RO         2368    .ARM.Collect$$libinit$$00000004  c_w.l(libinit2.o)
    0x08000208   0x00000000   Code   RO         2371    .ARM.Collect$$libinit$$0000000A  c_w.l(libinit2.o)
    0x08000208   0x00000000   Code   RO         2373    .ARM.Collect$$libinit$$0000000C  c_w.l(libinit2.o)
    0x08000208   0x00000000   Code   RO         2375    .ARM.Collect$$libinit$$0000000E  c_w.l(libinit2.o)
    0x08000208   0x00000000   Code   RO         2378    .ARM.Collect$$libinit$$00000011  c_w.l(libinit2.o)
    0x08000208   0x00000000   Code   RO         2380    .ARM.Collect$$libinit$$00000013  c_w.l(libinit2.o)
    0x08000208   0x00000000   Code   RO         2382    .ARM.Collect$$libinit$$00000015  c_w.l(libinit2.o)
    0x08000208   0x00000000   Code   RO         2384    .ARM.Collect$$libinit$$00000017  c_w.l(libinit2.o)
    0x08000208   0x00000000   Code   RO         2386    .ARM.Collect$$libinit$$00000019  c_w.l(libinit2.o)
    0x08000208   0x00000000   Code   RO         2388    .ARM.Collect$$libinit$$0000001B  c_w.l(libinit2.o)
    0x08000208   0x00000000   Code   RO         2390    .ARM.Collect$$libinit$$0000001D  c_w.l(libinit2.o)
    0x08000208   0x00000000   Code   RO         2392    .ARM.Collect$$libinit$$0000001F  c_w.l(libinit2.o)
    0x08000208   0x00000000   Code   RO         2394    .ARM.Collect$$libinit$$00000021  c_w.l(libinit2.o)
    0x08000208   0x00000000   Code   RO         2396    .ARM.Collect$$libinit$$00000023  c_w.l(libinit2.o)
    0x08000208   0x00000000   Code   RO         2398    .ARM.Collect$$libinit$$00000025  c_w.l(libinit2.o)
    0x08000208   0x00000000   Code   RO         2402    .ARM.Collect$$libinit$$0000002C  c_w.l(libinit2.o)
    0x08000208   0x00000000   Code   RO         2404    .ARM.Collect$$libinit$$0000002E  c_w.l(libinit2.o)
    0x08000208   0x00000000   Code   RO         2406    .ARM.Collect$$libinit$$00000030  c_w.l(libinit2.o)
    0x08000208   0x00000000   Code   RO         2408    .ARM.Collect$$libinit$$00000032  c_w.l(libinit2.o)
    0x08000208   0x00000002   Code   RO         2409    .ARM.Collect$$libinit$$00000033  c_w.l(libinit2.o)
    0x0800020a   0x00000002   Code   RO         2427    .ARM.Collect$$libshutdown$$00000000  c_w.l(libshutdown.o)
    0x0800020c   0x00000000   Code   RO         2438    .ARM.Collect$$libshutdown$$00000003  c_w.l(libshutdown2.o)
    0x0800020c   0x00000000   Code   RO         2441    .ARM.Collect$$libshutdown$$00000006  c_w.l(libshutdown2.o)
    0x0800020c   0x00000000   Code   RO         2444    .ARM.Collect$$libshutdown$$00000009  c_w.l(libshutdown2.o)
    0x0800020c   0x00000000   Code   RO         2446    .ARM.Collect$$libshutdown$$0000000B  c_w.l(libshutdown2.o)
    0x0800020c   0x00000000   Code   RO         2449    .ARM.Collect$$libshutdown$$0000000E  c_w.l(libshutdown2.o)
    0x0800020c   0x00000002   Code   RO         2450    .ARM.Collect$$libshutdown$$0000000F  c_w.l(libshutdown2.o)
    0x0800020e   0x00000000   Code   RO         2310    .ARM.Collect$$rtentry$$00000000  c_w.l(__rtentry.o)
    0x0800020e   0x00000000   Code   RO         2328    .ARM.Collect$$rtentry$$00000002  c_w.l(__rtentry2.o)
    0x0800020e   0x00000006   Code   RO         2340    .ARM.Collect$$rtentry$$00000004  c_w.l(__rtentry4.o)
    0x08000214   0x00000000   Code   RO         2330    .ARM.Collect$$rtentry$$00000009  c_w.l(__rtentry2.o)
    0x08000214   0x00000004   Code   RO         2331    .ARM.Collect$$rtentry$$0000000A  c_w.l(__rtentry2.o)
    0x08000218   0x00000000   Code   RO         2333    .ARM.Collect$$rtentry$$0000000C  c_w.l(__rtentry2.o)
    0x08000218   0x00000008   Code   RO         2334    .ARM.Collect$$rtentry$$0000000D  c_w.l(__rtentry2.o)
    0x08000220   0x00000002   Code   RO         2363    .ARM.Collect$$rtexit$$00000000  c_w.l(rtexit.o)
    0x08000222   0x00000000   Code   RO         2411    .ARM.Collect$$rtexit$$00000002  c_w.l(rtexit2.o)
    0x08000222   0x00000004   Code   RO         2412    .ARM.Collect$$rtexit$$00000003  c_w.l(rtexit2.o)
    0x08000226   0x00000006   Code   RO         2413    .ARM.Collect$$rtexit$$00000004  c_w.l(rtexit2.o)
    0x0800022c   0x00000040   Code   RO          279    .text               startup_stm32f10x_hd.o
    0x0800026c   0x00000002   Code   RO         2211    .text               c_w.l(use_no_semi_2.o)
    0x0800026e   0x00000002   PAD
    0x08000270   0x00000018   Code   RO         2215    .text               c_w.l(noretval__2printf.o)
    0x08000288   0x0000004e   Code   RO         2219    .text               c_w.l(_printf_pad.o)
    0x080002d6   0x00000052   Code   RO         2221    .text               c_w.l(_printf_str.o)
    0x08000328   0x00000078   Code   RO         2223    .text               c_w.l(_printf_dec.o)
    0x080003a0   0x00000058   Code   RO         2228    .text               c_w.l(_printf_hex_int.o)
    0x080003f8   0x00000188   Code   RO         2263    .text               c_w.l(__printf_flags_ss_wp.o)
    0x08000580   0x00000006   Code   RO         2272    .text               c_w.l(heapauxi.o)
    0x08000586   0x00000002   Code   RO         2308    .text               c_w.l(use_no_semi.o)
    0x08000588   0x000000b2   Code   RO         2311    .text               c_w.l(_printf_intcommon.o)
    0x0800063a   0x0000002c   Code   RO         2313    .text               c_w.l(_printf_char.o)
    0x08000666   0x00000002   PAD
    0x08000668   0x00000024   Code   RO         2315    .text               c_w.l(_printf_char_file.o)
    0x0800068c   0x00000030   Code   RO         2342    .text               c_w.l(_printf_char_common.o)
    0x080006bc   0x00000008   Code   RO         2344    .text               c_w.l(ferror.o)
    0x080006c4   0x0000004a   Code   RO         2348    .text               c_w.l(sys_stackheap_outer.o)
    0x0800070e   0x0000000c   Code   RO         2352    .text               c_w.l(exit.o)
    0x0800071a   0x00000002   PAD
    0x0800071c   0x00000008   Code   RO         2360    .text               c_w.l(libspace.o)
    0x08000724   0x00000004   Code   RO          168    i.BusFault_Handler  stm32f10x_it.o
    0x08000728   0x00000002   Code   RO          169    i.DebugMon_Handler  stm32f10x_it.o
    0x0800072a   0x00000002   PAD
    0x0800072c   0x00000018   Code   RO         1632    i.EXTI1_IRQHandler  exti.o
    0x08000744   0x0000000c   Code   RO         1388    i.EXTI_ClearITPendingBit  stm32f10x_exti.o
    0x08000750   0x00000116   Code   RO          289    i.GPIO_Init         stm32f10x_gpio.o
    0x08000866   0x00000004   Code   RO          296    i.GPIO_ResetBits    stm32f10x_gpio.o
    0x0800086a   0x00000004   Code   RO          297    i.GPIO_SetBits      stm32f10x_gpio.o
    0x0800086e   0x00000004   Code   RO          170    i.HardFault_Handler  stm32f10x_it.o
    0x08000872   0x00000002   PAD
    0x08000874   0x00000028   Code   RO         1656    i.KEY_Init          key.o
    0x0800089c   0x000001b8   Code   RO         1657    i.KEY_Scan          key.o
    0x08000a54   0x0000004e   Code   RO         1979    i.Locate_Rle        step_motor.o
    0x08000aa2   0x00000004   Code   RO          171    i.MemManage_Handler  stm32f10x_it.o
    0x08000aa6   0x00000002   Code   RO          172    i.NMI_Handler       stm32f10x_it.o
    0x08000aa8   0x00000070   Code   RO         1351    i.NVIC_Init         misc.o
    0x08000b18   0x00000014   Code   RO         1352    i.NVIC_PriorityGroupConfig  misc.o
    0x08000b2c   0x00000002   Code   RO          173    i.PendSV_Handler    stm32f10x_it.o
    0x08000b2e   0x00000002   PAD
    0x08000b30   0x00000020   Code   RO          425    i.RCC_APB1PeriphClockCmd  stm32f10x_rcc.o
    0x08000b50   0x00000020   Code   RO          427    i.RCC_APB2PeriphClockCmd  stm32f10x_rcc.o
    0x08000b70   0x000000d4   Code   RO          435    i.RCC_GetClocksFreq  stm32f10x_rcc.o
    0x08000c44   0x00000002   Code   RO          174    i.SVC_Handler       stm32f10x_it.o
    0x08000c46   0x00000008   Code   RO          231    i.SetSysClock       system_stm32f10x.o
    0x08000c4e   0x00000002   PAD
    0x08000c50   0x000000e0   Code   RO          232    i.SetSysClockTo72   system_stm32f10x.o
    0x08000d30   0x00000028   Code   RO         1355    i.SysTick_CLKSourceConfig  misc.o
    0x08000d58   0x00000002   Code   RO          175    i.SysTick_Handler   stm32f10x_it.o
    0x08000d5a   0x00000002   PAD
    0x08000d5c   0x00000060   Code   RO          234    i.SystemInit        system_stm32f10x.o
    0x08000dbc   0x00000038   Code   RO         1810    i.TIM4_IRQHandler   shell.o
    0x08000df4   0x00000070   Code   RO         1675    i.TIM5_IRQHandler   time.o
    0x08000e64   0x00000070   Code   RO         1676    i.TIM6_IRQHandler   time.o
    0x08000ed4   0x00000070   Code   RO         1677    i.TIM7_IRQHandler   time.o
    0x08000f44   0x00000006   Code   RO          813    i.TIM_ClearFlag     stm32f10x_tim.o
    0x08000f4a   0x00000006   Code   RO          814    i.TIM_ClearITPendingBit  stm32f10x_tim.o
    0x08000f50   0x00000018   Code   RO          819    i.TIM_Cmd           stm32f10x_tim.o
    0x08000f68   0x00000006   Code   RO          838    i.TIM_GetCounter    stm32f10x_tim.o
    0x08000f6e   0x00000012   Code   RO          839    i.TIM_GetFlagStatus  stm32f10x_tim.o
    0x08000f80   0x00000022   Code   RO          840    i.TIM_GetITStatus   stm32f10x_tim.o
    0x08000fa2   0x00000012   Code   RO          844    i.TIM_ITConfig      stm32f10x_tim.o
    0x08000fb4   0x00000004   Code   RO          878    i.TIM_SetAutoreload  stm32f10x_tim.o
    0x08000fb8   0x00000004   Code   RO          884    i.TIM_SetCounter    stm32f10x_tim.o
    0x08000fbc   0x000000a4   Code   RO          890    i.TIM_TimeBaseInit  stm32f10x_tim.o
    0x08001060   0x0000005c   Code   RO         1811    i.Timer4_Init       shell.o
    0x080010bc   0x00000088   Code   RO         1567    i.USART1_IRQHandler  usart1.o
    0x08001144   0x00000018   Code   RO          627    i.USART_Cmd         stm32f10x_usart.o
    0x0800115c   0x00000054   Code   RO          631    i.USART_GetITStatus  stm32f10x_usart.o
    0x080011b0   0x0000004a   Code   RO          633    i.USART_ITConfig    stm32f10x_usart.o
    0x080011fa   0x00000002   PAD
    0x080011fc   0x000000d8   Code   RO          634    i.USART_Init        stm32f10x_usart.o
    0x080012d4   0x0000000a   Code   RO          641    i.USART_ReceiveData  stm32f10x_usart.o
    0x080012de   0x00000004   Code   RO          176    i.UsageFault_Handler  stm32f10x_it.o
    0x080012e2   0x00000002   PAD
    0x080012e4   0x00000038   Code   RO         1980    i.X_Locate_Rle      step_motor.o
    0x0800131c   0x00000038   Code   RO         1981    i.Y_Locate_Rle      step_motor.o
    0x08001354   0x00000038   Code   RO         1982    i.Z_Locate_Rle      step_motor.o
    0x0800138c   0x0000000e   Code   RO         2256    i._is_digit         c_w.l(__printf_wp.o)
    0x0800139a   0x00000006   Code   RO         1568    i._sys_exit         usart1.o
    0x080013a0   0x00000070   Code   RO         1983    i.back_zero         step_motor.o
    0x08001410   0x00000150   Code   RO            1    i.control           main.o
    0x08001560   0x00000044   Code   RO         1513    i.delay_init        delay.o
    0x080015a4   0x0000004c   Code   RO         1514    i.delay_ms          delay.o
    0x080015f0   0x0000001c   Code   RO         1569    i.fputc             usart1.o
    0x0800160c   0x00000038   Code   RO         1609    i.led_flicker       led.o
    0x08001644   0x00000014   Code   RO         1610    i.led_set           led.o
    0x08001658   0x00000024   Code   RO            2    i.main              main.o
    0x0800167c   0x0000002c   Code   RO         1984    i.motor_start       step_motor.o
    0x080016a8   0x00000006   Code   RO         1812    i.read_addr         shell.o
    0x080016ae   0x00000002   PAD
    0x080016b0   0x00000028   Code   RO         1985    i.step_calculate    step_motor.o
    0x080016d8   0x00000038   Code   RO         1988    i.step_frv_motor    step_motor.o
    0x08001710   0x0000005c   Code   RO         1989    i.step_motor_STOP   step_motor.o
    0x0800176c   0x0000008c   Code   RO         1990    i.step_motor_init   step_motor.o
    0x080017f8   0x0000000c   Code   RO            3    i.test_fun          main.o
    0x08001804   0x0000005c   Code   RO         1678    i.time5_Init        time.o
    0x08001860   0x0000005c   Code   RO         1679    i.time6_Init        time.o
    0x080018bc   0x0000005c   Code   RO         1680    i.time7_Init        time.o
    0x08001918   0x000000a0   Code   RO         1570    i.uart1_init        usart1.o
    0x080019b8   0x000000b0   Code   RO         1813    i.usmart_cmd_rec    shell.o
    0x08001a68   0x000002d4   Code   RO         1814    i.usmart_exe        shell.o
    0x08001d3c   0x000000c8   Code   RO         1907    i.usmart_get_aparm  shell_str.o
    0x08001e04   0x00000036   Code   RO         1908    i.usmart_get_cmdname  shell_str.o
    0x08001e3a   0x00000002   PAD
    0x08001e3c   0x000001c0   Code   RO         1909    i.usmart_get_fname  shell_str.o
    0x08001ffc   0x0000010c   Code   RO         1910    i.usmart_get_fparam  shell_str.o
    0x08002108   0x00000020   Code   RO         1911    i.usmart_get_parmpos  shell_str.o
    0x08002128   0x00000044   Code   RO         1815    i.usmart_get_runtime  shell.o
    0x0800216c   0x00000028   Code   RO         1816    i.usmart_init       shell.o
    0x08002194   0x00000016   Code   RO         1912    i.usmart_pow        shell_str.o
    0x080021aa   0x00000002   PAD
    0x080021ac   0x00000030   Code   RO         1817    i.usmart_reset_runtime  shell.o
    0x080021dc   0x000000bc   Code   RO         1818    i.usmart_scan       shell.o
    0x08002298   0x00000016   Code   RO         1913    i.usmart_search_nextc  shell_str.o
    0x080022ae   0x000000ca   Code   RO         1914    i.usmart_str2num    shell_str.o
    0x08002378   0x00000022   Code   RO         1915    i.usmart_strcmp     shell_str.o
    0x0800239a   0x00000016   Code   RO         1916    i.usmart_strcopy    shell_str.o
    0x080023b0   0x00000018   Code   RO         1917    i.usmart_strlen     shell_str.o
    0x080023c8   0x000006a4   Code   RO         1819    i.usmart_sys_cmd_exe  shell.o
    0x08002a6c   0x00000004   Code   RO         1820    i.write_addr        shell.o
    0x08002a70   0x00000024   Code   RO         1992    i.x_step_direction  step_motor.o
    0x08002a94   0x00000034   Code   RO         1993    i.x_step_motor      step_motor.o
    0x08002ac8   0x00000014   Code   RO         1994    i.x_step_motor_start  step_motor.o
    0x08002adc   0x0000002c   Code   RO         1995    i.x_step_motor_stop  step_motor.o
    0x08002b08   0x00000024   Code   RO         1998    i.y_step_direction  step_motor.o
    0x08002b2c   0x00000034   Code   RO         1999    i.y_step_motor      step_motor.o
    0x08002b60   0x00000014   Code   RO         2000    i.y_step_motor_start  step_motor.o
    0x08002b74   0x0000002c   Code   RO         2001    i.y_step_motor_stop  step_motor.o
    0x08002ba0   0x00000024   Code   RO         2002    i.z_step_direction  step_motor.o
    0x08002bc4   0x00000034   Code   RO         2003    i.z_step_motor      step_motor.o
    0x08002bf8   0x00000014   Code   RO         2004    i.z_step_motor_start  step_motor.o
    0x08002c0c   0x0000002c   Code   RO         2005    i.z_step_motor_stop  step_motor.o
    0x08002c38   0x000002b0   Code   RO         2277    x$fpl$ddiv          fz_ws.l(ddiv.o)
    0x08002ee8   0x0000005a   Code   RO         2280    x$fpl$dfixu         fz_ws.l(dfixu.o)
    0x08002f42   0x00000026   Code   RO         2284    x$fpl$dfltu         fz_ws.l(dflt_clz.o)
    0x08002f68   0x0000009c   Code   RO         2318    x$fpl$dnaninf       fz_ws.l(dnaninf.o)
    0x08003004   0x0000000c   Code   RO         2320    x$fpl$dretinf       fz_ws.l(dretinf.o)
    0x08003010   0x000000c4   Code   RO         2292    x$fpl$fadd          fz_ws.l(faddsub_clz.o)
    0x080030d4   0x00000184   Code   RO         2299    x$fpl$fdiv          fz_ws.l(fdiv.o)
    0x08003258   0x0000003e   Code   RO         2302    x$fpl$ffixu         fz_ws.l(ffixu.o)
    0x08003296   0x00000002   PAD
    0x08003298   0x00000102   Code   RO         2306    x$fpl$fmul          fz_ws.l(fmul.o)
    0x0800339a   0x0000008c   Code   RO         2322    x$fpl$fnaninf       fz_ws.l(fnaninf.o)
    0x08003426   0x0000000a   Code   RO         2324    x$fpl$fretinf       fz_ws.l(fretinf.o)
    0x08003430   0x000000ea   Code   RO         2294    x$fpl$fsub          fz_ws.l(faddsub_clz.o)
    0x0800351a   0x00000000   Code   RO         2326    x$fpl$usenofp       fz_ws.l(usenofp.o)
    0x0800351a   0x00000028   Data   RO         2229    .constdata          c_w.l(_printf_hex_int.o)
    0x08003542   0x00000011   Data   RO         2264    .constdata          c_w.l(__printf_flags_ss_wp.o)
    0x08003553   0x00000001   PAD
    0x08003554   0x00000024   Data   RO         1821    .conststring        shell.o
    0x08003578   0x0000014c   Data   RO         1894    .conststring        shell_config.o
    0x080036c4   0x00000020   Data   RO         2482    Region$$Table       anon$$obj.o


    Execution Region RW_IRAM1 (Base: 0x20000000, Size: 0x000008e8, Max: 0x00010000, ABSOLUTE, COMPRESSED[0x00000078])

    Base Addr    Size         Type   Attr      Idx    E Section Name        Object

    0x20000000   0x00000019   Data   RW            4    .data               main.o
    0x20000019   0x00000003   PAD
    0x2000001c   0x00000014   Data   RW          235    .data               system_stm32f10x.o
    0x20000030   0x00000014   Data   RW          455    .data               stm32f10x_rcc.o
    0x20000044   0x00000004   Data   RW         1516    .data               delay.o
    0x20000048   0x00000006   Data   RW         1572    .data               usart1.o
    0x2000004e   0x00000002   Data   RW         1634    .data               exti.o
    0x20000050   0x00000001   Data   RW         1658    .data               key.o
    0x20000051   0x00000003   PAD
    0x20000054   0x0000001c   Data   RW         1822    .data               shell.o
    0x20000070   0x0000012c   Data   RW         1895    .data               shell_config.o
    0x2000019c   0x00000022   Data   RW         2006    .data               step_motor.o
    0x200001be   0x00000002   PAD
    0x200001c0   0x000000c8   Zero   RW         1571    .bss                usart1.o
    0x20000288   0x00000060   Zero   RW         2361    .bss                c_w.l(libspace.o)
    0x200002e8   0x00000200   Zero   RW          277    HEAP                startup_stm32f10x_hd.o
    0x200004e8   0x00000400   Zero   RW          276    STACK               startup_stm32f10x_hd.o


==============================================================================

Image component sizes


      Code (inc. data)   RO Data    RW Data    ZI Data      Debug   Object Name

         0          0          0          0          0         32   core_cm3.o
       144         22          0          4          0       1064   delay.o
        24          4          0          2          0        603   exti.o
       480         14          0          1          0       1270   key.o
        76         16          0          0          0        960   led.o
       384         34          0         25          0     252781   main.o
       172         22          0          0          0       1929   misc.o
      3102       1266         36         28          0       7038   shell.o
         0          0        332        300          0       1476   shell_config.o
      1328         20          0          0          0       7869   shell_str.o
        64         26        304          0       1536        764   startup_stm32f10x_hd.o
      1186        196          0         34          0      11857   step_motor.o
        12          6          0          0          0        493   stm32f10x_exti.o
       286          0          0          0          0     207608   stm32f10x_gpio.o
        26          0          0          0          0       3414   stm32f10x_it.o
       276         32          0         20          0       4270   stm32f10x_rcc.o
       284         42          0          0          0       5924   stm32f10x_tim.o
       408          6          0          0          0       4758   stm32f10x_usart.o
       328         28          0         20          0       1925   system_stm32f10x.o
       612         78          0          0          0       3113   time.o
       330         26          0          6        200       3845   usart1.o

    ----------------------------------------------------------------------
      9542       1838        704        448       1736     522993   Object Totals
         0          0         32          0          0          0   (incl. Generated)
        20          0          0          8          0          0   (incl. Padding)

    ----------------------------------------------------------------------

      Code (inc. data)   RO Data    RW Data    ZI Data      Debug   Library Member Name

        90          0          0          0          0          0   __dczerorl2.o
         8          0          0          0          0         68   __main.o
       392          4         17          0          0         92   __printf_flags_ss_wp.o
        14          0          0          0          0         68   __printf_wp.o
         0          0          0          0          0          0   __rtentry.o
        12          0          0          0          0          0   __rtentry2.o
         6          0          0          0          0          0   __rtentry4.o
        52          8          0          0          0          0   __scatter.o
        28          0          0          0          0          0   __scatter_zi.o
         6          0          0          0          0          0   _printf_c.o
        44          0          0          0          0        108   _printf_char.o
        48          6          0          0          0         96   _printf_char_common.o
        36          4          0          0          0         80   _printf_char_file.o
         6          0          0          0          0          0   _printf_d.o
       120         16          0          0          0         92   _printf_dec.o
        88          4         40          0          0         88   _printf_hex_int.o
       178          0          0          0          0         88   _printf_intcommon.o
        78          0          0          0          0        108   _printf_pad.o
         0          0          0          0          0          0   _printf_percent.o
         4          0          0          0          0          0   _printf_percent_end.o
         6          0          0          0          0          0   _printf_s.o
        82          0          0          0          0         80   _printf_str.o
         6          0          0          0          0          0   _printf_u.o
         6          0          0          0          0          0   _printf_x.o
        12          0          0          0          0         72   exit.o
         8          0          0          0          0         68   ferror.o
         6          0          0          0          0        152   heapauxi.o
         2          0          0          0          0          0   libinit.o
         2          0          0          0          0          0   libinit2.o
         2          0          0          0          0          0   libshutdown.o
         2          0          0          0          0          0   libshutdown2.o
         8          4          0          0         96         68   libspace.o
        24          4          0          0          0         84   noretval__2printf.o
         2          0          0          0          0          0   rtexit.o
        10          0          0          0          0          0   rtexit2.o
        74          0          0          0          0         80   sys_stackheap_outer.o
         2          0          0          0          0         68   use_no_semi.o
         2          0          0          0          0         68   use_no_semi_2.o
       688        140          0          0          0        208   ddiv.o
        90          4          0          0          0         92   dfixu.o
        38          0          0          0          0         68   dflt_clz.o
       156          4          0          0          0         92   dnaninf.o
        12          0          0          0          0         68   dretinf.o
       430          8          0          0          0        168   faddsub_clz.o
       388         76          0          0          0         96   fdiv.o
        62          4          0          0          0         84   ffixu.o
       258          4          0          0          0         84   fmul.o
       140          4          0          0          0         84   fnaninf.o
        10          0          0          0          0         68   fretinf.o
         0          0          0          0          0          0   usenofp.o

    ----------------------------------------------------------------------
      3748        294         58          0         96       2740   Library Totals
        10          0          1          0          0          0   (incl. Padding)

    ----------------------------------------------------------------------

      Code (inc. data)   RO Data    RW Data    ZI Data      Debug   Library Name

      1466         50         57          0         96       1628   c_w.l
      2272        244          0          0          0       1112   fz_ws.l

    ----------------------------------------------------------------------
      3748        294         58          0         96       2740   Library Totals

    ----------------------------------------------------------------------

==============================================================================


      Code (inc. data)   RO Data    RW Data    ZI Data      Debug   

     13290       2132        762        448       1832     519281   Grand Totals
     13290       2132        762        120       1832     519281   ELF Image Totals (compressed)
     13290       2132        762        120          0          0   ROM Totals

==============================================================================

    Total RO  Size (Code + RO Data)                14052 (  13.72kB)
    Total RW  Size (RW Data + ZI Data)              2280 (   2.23kB)
    Total ROM Size (Code + RO Data + RW Data)      14172 (  13.84kB)

==============================================================================

