<html>
<body>
<pre>
<h1>礦ision Build Log</h1>
<h2>Tool Versions:</h2>
IDE-Version: μVision V5.14.0.0
Copyright (C) 2015 ARM Ltd and ARM Germany GmbH. All rights reserved.
License Information: dawang Microsoft, Microsoft, LIC=CRMNN-YWJ5J-IMY9B-29S0V-D7AGL-B9RCS
 
Tool Versions:
Toolchain:       MDK-ARM Professional  Version: 5.14.0.0
Toolchain Path:  D:\ARM\ARM\ARMCC\Bin
C Compiler:      Armcc.exe V5.05 update 1 (build 106)
Assembler:       Armasm.exe V5.05 update 1 (build 106)
Linker/Locator:  ArmLink.exe V5.05 update 1 (build 106)
Library Manager: ArmAr.exe V5.05 update 1 (build 106)
Hex Converter:   FromElf.exe V5.05 update 1 (build 106)
CPU DLL:         SARMCM3.DLL V5.14.0.0
Dialog DLL:      DARMSTM.DLL V1.65.0.0
Target DLL:      STLink\ST-LINKIII-KEIL_SWO.dll V2.0.14.0_KEIL
Dialog DLL:      TCM.DLL V1.14.4.0
 
<h2>Project:</h2>
E:\拉膜机\定时控制器\user\大王学32.uvprojx
Project File Date:  02/27/2018

<h2>Output:</h2>
Build target '32F1'
compiling main.c...
..\exti\exti.h(10): warning:  #1-D: last line of file ends without a newline
  #endif
main.c: 1 warning, 0 errors
compiling led.c...
compiling exti.c...
..\exti\exti.h(10): warning:  #1-D: last line of file ends without a newline
  #endif
..\exti\exti.c(37): warning:  #1-D: last line of file ends without a newline
  }
..\exti\exti.c: 2 warnings, 0 errors
compiling key.c...
compiling time.c...
linking...
Program Size: Code=2056 RO-data=336 RW-data=36 ZI-data=1836  
".\Objects\大王学32.axf" - 0 Error(s), 3 Warning(s).

<h2>Collection of Component include folders:</h2>
  E:\拉膜机\定时控制器\user\RTE
  D:\ARM\ARM\PACK\Keil\STM32F1xx_DFP\2.1.0

<h2>Collection of Component Files used:</h2>
</pre>
</body>
</html>
